Archive member included to satisfy reference by file (symbol)

C:/ST/STM32CubeIDE_1.16.0/STM32CubeIDE/plugins/com.st.stm32cube.ide.mcu.externaltools.gnu-tools-for-stm32.12.3.rel1.win32_1.0.200.202406191623/tools/bin/../lib/gcc/arm-none-eabi/12.3.1/../../../../arm-none-eabi/lib/thumb/v7-m/nofp\libc_nano.a(libc_a-exit.o)
                              C:/ST/STM32CubeIDE_1.16.0/STM32CubeIDE/plugins/com.st.stm32cube.ide.mcu.externaltools.gnu-tools-for-stm32.12.3.rel1.win32_1.0.200.202406191623/tools/bin/../lib/gcc/arm-none-eabi/12.3.1/../../../../arm-none-eabi/lib/thumb/v7-m/nofp/crt0.o (exit)
C:/ST/STM32CubeIDE_1.16.0/STM32CubeIDE/plugins/com.st.stm32cube.ide.mcu.externaltools.gnu-tools-for-stm32.12.3.rel1.win32_1.0.200.202406191623/tools/bin/../lib/gcc/arm-none-eabi/12.3.1/../../../../arm-none-eabi/lib/thumb/v7-m/nofp\libc_nano.a(libc_a-findfp.o)
                              C:/ST/STM32CubeIDE_1.16.0/STM32CubeIDE/plugins/com.st.stm32cube.ide.mcu.externaltools.gnu-tools-for-stm32.12.3.rel1.win32_1.0.200.202406191623/tools/bin/../lib/gcc/arm-none-eabi/12.3.1/../../../../arm-none-eabi/lib/thumb/v7-m/nofp\libc_nano.a(libc_a-exit.o) (__stdio_exit_handler)
C:/ST/STM32CubeIDE_1.16.0/STM32CubeIDE/plugins/com.st.stm32cube.ide.mcu.externaltools.gnu-tools-for-stm32.12.3.rel1.win32_1.0.200.202406191623/tools/bin/../lib/gcc/arm-none-eabi/12.3.1/../../../../arm-none-eabi/lib/thumb/v7-m/nofp\libc_nano.a(libc_a-fwalk.o)
                              C:/ST/STM32CubeIDE_1.16.0/STM32CubeIDE/plugins/com.st.stm32cube.ide.mcu.externaltools.gnu-tools-for-stm32.12.3.rel1.win32_1.0.200.202406191623/tools/bin/../lib/gcc/arm-none-eabi/12.3.1/../../../../arm-none-eabi/lib/thumb/v7-m/nofp\libc_nano.a(libc_a-findfp.o) (_fwalk_sglue)
C:/ST/STM32CubeIDE_1.16.0/STM32CubeIDE/plugins/com.st.stm32cube.ide.mcu.externaltools.gnu-tools-for-stm32.12.3.rel1.win32_1.0.200.202406191623/tools/bin/../lib/gcc/arm-none-eabi/12.3.1/../../../../arm-none-eabi/lib/thumb/v7-m/nofp\libc_nano.a(libc_a-sprintf.o)
                              ./Core/Src/main.o (sprintf)
C:/ST/STM32CubeIDE_1.16.0/STM32CubeIDE/plugins/com.st.stm32cube.ide.mcu.externaltools.gnu-tools-for-stm32.12.3.rel1.win32_1.0.200.202406191623/tools/bin/../lib/gcc/arm-none-eabi/12.3.1/../../../../arm-none-eabi/lib/thumb/v7-m/nofp\libc_nano.a(libc_a-stdio.o)
                              C:/ST/STM32CubeIDE_1.16.0/STM32CubeIDE/plugins/com.st.stm32cube.ide.mcu.externaltools.gnu-tools-for-stm32.12.3.rel1.win32_1.0.200.202406191623/tools/bin/../lib/gcc/arm-none-eabi/12.3.1/../../../../arm-none-eabi/lib/thumb/v7-m/nofp\libc_nano.a(libc_a-findfp.o) (__sread)
C:/ST/STM32CubeIDE_1.16.0/STM32CubeIDE/plugins/com.st.stm32cube.ide.mcu.externaltools.gnu-tools-for-stm32.12.3.rel1.win32_1.0.200.202406191623/tools/bin/../lib/gcc/arm-none-eabi/12.3.1/../../../../arm-none-eabi/lib/thumb/v7-m/nofp\libc_nano.a(libc_a-memset.o)
                              C:/ST/STM32CubeIDE_1.16.0/STM32CubeIDE/plugins/com.st.stm32cube.ide.mcu.externaltools.gnu-tools-for-stm32.12.3.rel1.win32_1.0.200.202406191623/tools/bin/../lib/gcc/arm-none-eabi/12.3.1/../../../../arm-none-eabi/lib/thumb/v7-m/nofp/crt0.o (memset)
C:/ST/STM32CubeIDE_1.16.0/STM32CubeIDE/plugins/com.st.stm32cube.ide.mcu.externaltools.gnu-tools-for-stm32.12.3.rel1.win32_1.0.200.202406191623/tools/bin/../lib/gcc/arm-none-eabi/12.3.1/../../../../arm-none-eabi/lib/thumb/v7-m/nofp\libc_nano.a(libc_a-closer.o)
                              C:/ST/STM32CubeIDE_1.16.0/STM32CubeIDE/plugins/com.st.stm32cube.ide.mcu.externaltools.gnu-tools-for-stm32.12.3.rel1.win32_1.0.200.202406191623/tools/bin/../lib/gcc/arm-none-eabi/12.3.1/../../../../arm-none-eabi/lib/thumb/v7-m/nofp\libc_nano.a(libc_a-stdio.o) (_close_r)
C:/ST/STM32CubeIDE_1.16.0/STM32CubeIDE/plugins/com.st.stm32cube.ide.mcu.externaltools.gnu-tools-for-stm32.12.3.rel1.win32_1.0.200.202406191623/tools/bin/../lib/gcc/arm-none-eabi/12.3.1/../../../../arm-none-eabi/lib/thumb/v7-m/nofp\libc_nano.a(libc_a-reent.o)
                              C:/ST/STM32CubeIDE_1.16.0/STM32CubeIDE/plugins/com.st.stm32cube.ide.mcu.externaltools.gnu-tools-for-stm32.12.3.rel1.win32_1.0.200.202406191623/tools/bin/../lib/gcc/arm-none-eabi/12.3.1/../../../../arm-none-eabi/lib/thumb/v7-m/nofp\libc_nano.a(libc_a-closer.o) (errno)
C:/ST/STM32CubeIDE_1.16.0/STM32CubeIDE/plugins/com.st.stm32cube.ide.mcu.externaltools.gnu-tools-for-stm32.12.3.rel1.win32_1.0.200.202406191623/tools/bin/../lib/gcc/arm-none-eabi/12.3.1/../../../../arm-none-eabi/lib/thumb/v7-m/nofp\libc_nano.a(libc_a-impure.o)
                              C:/ST/STM32CubeIDE_1.16.0/STM32CubeIDE/plugins/com.st.stm32cube.ide.mcu.externaltools.gnu-tools-for-stm32.12.3.rel1.win32_1.0.200.202406191623/tools/bin/../lib/gcc/arm-none-eabi/12.3.1/../../../../arm-none-eabi/lib/thumb/v7-m/nofp\libc_nano.a(libc_a-sprintf.o) (_impure_ptr)
[...]
Memory Configuration

Name             Origin             Length             Attributes
RAM              0x20000000         0x0000c000         xrw
FLASH            0x08000000         0x00040000         xr
*default*        0x00000000         0xffffffff

Linker script and memory map

LOAD C:/ST/STM32CubeIDE_1.16.0/STM32CubeIDE/plugins/com.st.stm32cube.ide.mcu.externaltools.gnu-tools-for-stm32.12.3.rel1.win32_1.0.200.202406191623/tools/bin/../lib/gcc/arm-none-eabi/12.3.1/thumb/v7-m/nofp/crti.o
LOAD C:/ST/STM32CubeIDE_1.16.0/STM32CubeIDE/plugins/com.st.stm32cube.ide.mcu.externaltools.gnu-tools-for-stm32.12.3.rel1.win32_1.0.200.202406191623/tools/bin/../lib/gcc/arm-none-eabi/12.3.1/thumb/v7-m/nofp/crtbegin.o
LOAD C:/ST/STM32CubeIDE_1.16.0/STM32CubeIDE/plugins/com.st.stm32cube.ide.mcu.externaltools.gnu-tools-for-stm32.12.3.rel1.win32_1.0.200.202406191623/tools/bin/../lib/gcc/arm-none-eabi/12.3.1/../../../../arm-none-eabi/lib/thumb/v7-m/nofp/crt0.o
LOAD ./Core/Src/gpio.o
LOAD ./Core/Src/main.o
LOAD ./Core/Src/sdio.o
LOAD ./Core/Src/stm32f1xx_hal_msp.o
LOAD ./Core/Src/stm32f1xx_it.o
LOAD ./Core/Src/syscalls.o
LOAD ./Core/Src/sysmem.o
LOAD ./Core/Src/system_stm32f1xx.o
LOAD ./Core/Startup/startup_stm32f103rctx.o
LOAD ./Drivers/STM32F1xx_HAL_Driver/Src/stm32f1xx_hal.o
LOAD ./Drivers/STM32F1xx_HAL_Driver/Src/stm32f1xx_hal_cortex.o
LOAD ./Drivers/STM32F1xx_HAL_Driver/Src/stm32f1xx_hal_dma.o
LOAD ./Drivers/STM32F1xx_HAL_Driver/Src/stm32f1xx_hal_exti.o
LOAD ./Drivers/STM32F1xx_HAL_Driver/Src/stm32f1xx_hal_flash.o
LOAD ./Drivers/STM32F1xx_HAL_Driver/Src/stm32f1xx_hal_flash_ex.o
LOAD ./Drivers/STM32F1xx_HAL_Driver/Src/stm32f1xx_hal_gpio.o
LOAD ./Drivers/STM32F1xx_HAL_Driver/Src/stm32f1xx_hal_gpio_ex.o
LOAD ./Drivers/STM32F1xx_HAL_Driver/Src/stm32f1xx_hal_pcd.o
LOAD ./Drivers/STM32F1xx_HAL_Driver/Src/stm32f1xx_hal_pcd_ex.o
LOAD ./Drivers/STM32F1xx_HAL_Driver/Src/stm32f1xx_hal_pwr.o
LOAD ./Drivers/STM32F1xx_HAL_Driver/Src/stm32f1xx_hal_rcc.o
LOAD ./Drivers/STM32F1xx_HAL_Driver/Src/stm32f1xx_hal_rcc_ex.o
LOAD ./Drivers/STM32F1xx_HAL_Driver/Src/stm32f1xx_hal_sd.o
LOAD ./Drivers/STM32F1xx_HAL_Driver/Src/stm32f1xx_hal_tim.o
LOAD ./Drivers/STM32F1xx_HAL_Driver/Src/stm32f1xx_hal_tim_ex.o
LOAD ./Drivers/STM32F1xx_HAL_Driver/Src/stm32f1xx_ll_sdmmc.o
LOAD ./Drivers/STM32F1xx_HAL_Driver/Src/stm32f1xx_ll_usb.o
LOAD ./FATFS/App/fatfs.o
LOAD ./FATFS/Target/bsp_driver_sd.o
LOAD ./Middlewares/ST/STM32_USB_Device_Library/Class/CDC/Src/usbd_cdc.o
LOAD ./Middlewares/ST/STM32_USB_Device_Library/Core/Src/usbd_core.o
LOAD ./Middlewares/ST/STM32_USB_Device_Library/Core/Src/usbd_ctlreq.o
LOAD ./Middlewares/ST/STM32_USB_Device_Library/Core/Src/usbd_ioreq.o
LOAD ./Middlewares/Third_Party/FatFs/src/diskio.o
LOAD ./Middlewares/Third_Party/FatFs/src/ff.o
LOAD ./Middlewares/Third_Party/FatFs/src/ff_gen_drv.o
LOAD ./Middlewares/Third_Party/FatFs/src/drivers/sd_diskio.o
LOAD ./Middlewares/Third_Party/FatFs/src/option/ccsbcs.o
LOAD ./Middlewares/Third_Party/FatFs/src/option/syscall.o
LOAD ./USB_DEVICE/App/usb_device.o
LOAD ./USB_DEVICE/App/usbd_cdc_if.o
LOAD ./USB_DEVICE/App/usbd_desc.o
LOAD ./USB_DEVICE/Target/usbd_conf.o
START GROUP
LOAD C:/ST/STM32CubeIDE_1.16.0/STM32CubeIDE/plugins/com.st.stm32cube.ide.mcu.externaltools.gnu-tools-for-stm32.12.3.rel1.win32_1.0.200.202406191623/tools/bin/../lib/gcc/arm-none-eabi/12.3.1/../../../../arm-none-eabi/lib/thumb/v7-m/nofp\libc_nano.a
LOAD C:/ST/STM32CubeIDE_1.16.0/STM32CubeIDE/plugins/com.st.stm32cube.ide.mcu.externaltools.gnu-tools-for-stm32.12.3.rel1.win32_1.0.200.202406191623/tools/bin/../lib/gcc/arm-none-eabi/12.3.1/../../../../arm-none-eabi/lib/thumb/v7-m/nofp\libm.a
END GROUP
START GROUP
LOAD C:/ST/STM32CubeIDE_1.16.0/STM32CubeIDE/plugins/com.st.stm32cube.ide.mcu.externaltools.gnu-tools-for-stm32.12.3.rel1.win32_1.0.200.202406191623/tools/bin/../lib/gcc/arm-none-eabi/12.3.1/thumb/v7-m/nofp\libgcc.a
LOAD C:/ST/STM32CubeIDE_1.16.0/STM32CubeIDE/plugins/com.st.stm32cube.ide.mcu.externaltools.gnu-tools-for-stm32.12.3.rel1.win32_1.0.200.202406191623/tools/bin/../lib/gcc/arm-none-eabi/12.3.1/../../../../arm-none-eabi/lib/thumb/v7-m/nofp\libc_nano.a
END GROUP
START GROUP
LOAD C:/ST/STM32CubeIDE_1.16.0/STM32CubeIDE/plugins/com.st.stm32cube.ide.mcu.externaltools.gnu-tools-for-stm32.12.3.rel1.win32_1.0.200.202406191623/tools/bin/../lib/gcc/arm-none-eabi/12.3.1/thumb/v7-m/nofp\libgcc.a
LOAD C:/ST/STM32CubeIDE_1.16.0/STM32CubeIDE/plugins/com.st.stm32cube.ide.mcu.externaltools.gnu-tools-for-stm32.12.3.rel1.win32_1.0.200.202406191623/tools/bin/../lib/gcc/arm-none-eabi/12.3.1/../../../../arm-none-eabi/lib/thumb/v7-m/nofp\libc_nano.a
LOAD C:/ST/STM32CubeIDE_1.16.0/STM32CubeIDE/plugins/com.st.stm32cube.ide.mcu.externaltools.gnu-tools-for-stm32.12.3.rel1.win32_1.0.200.202406191623/tools/bin/../lib/gcc/arm-none-eabi/12.3.1/../../../../arm-none-eabi/lib/thumb/v7-m/nofp\libnosys.a
END GROUP
START GROUP
LOAD C:/ST/STM32CubeIDE_1.16.0/STM32CubeIDE/plugins/com.st.stm32cube.ide.mcu.externaltools.gnu-tools-for-stm32.12.3.rel1.win32_1.0.200.202406191623/tools/bin/../lib/gcc/arm-none-eabi/12.3.1/thumb/v7-m/nofp\libgcc.a
LOAD C:/ST/STM32CubeIDE_1.16.0/STM32CubeIDE/plugins/com.st.stm32cube.ide.mcu.externaltools.gnu-tools-for-stm32.12.3.rel1.win32_1.0.200.202406191623/tools/bin/../lib/gcc/arm-none-eabi/12.3.1/../../../../arm-none-eabi/lib/thumb/v7-m/nofp\libc_nano.a
LOAD C:/ST/STM32CubeIDE_1.16.0/STM32CubeIDE/plugins/com.st.stm32cube.ide.mcu.externaltools.gnu-tools-for-stm32.12.3.rel1.win32_1.0.200.202406191623/tools/bin/../lib/gcc/arm-none-eabi/12.3.1/../../../../arm-none-eabi/lib/thumb/v7-m/nofp\libnosys.a
END GROUP
LOAD C:/ST/STM32CubeIDE_1.16.0/STM32CubeIDE/plugins/com.st.stm32cube.ide.mcu.externaltools.gnu-tools-for-stm32.12.3.rel1.win32_1.0.200.202406191623/tools/bin/../lib/gcc/arm-none-eabi/12.3.1/thumb/v7-m/nofp/crtend.o
LOAD C:/ST/STM32CubeIDE_1.16.0/STM32CubeIDE/plugins/com.st.stm32cube.ide.mcu.externaltools.gnu-tools-for-stm32.12.3.rel1.win32_1.0.200.202406191623/tools/bin/../lib/gcc/arm-none-eabi/12.3.1/thumb/v7-m/nofp/crtn.o
                0x2000c000                        _estack = (ORIGIN (RAM) + LENGTH (RAM))
                0x00000200                        _Min_Heap_Size = 0x200
                0x00000400                        _Min_Stack_Size = 0x400

.isr_vector     0x08000000      0x1e4
                0x08000000                        . = ALIGN (0x4)
 *(.isr_vector)
 .isr_vector    0x08000000      0x1e4 ./Core/Startup/startup_stm32f103rctx.o
                0x08000000                g_pfnVectors
                0x080001e4                        . = ALIGN (0x4)

.text           0x080001e4     0xef20
                0x080001e4                        . = ALIGN (0x4)
 *(.text)
 .text          0x080001e4       0x40 C:/ST/STM32CubeIDE_1.16.0/STM32CubeIDE/plugins/com.st.stm32cube.ide.mcu.externaltools.gnu-tools-for-stm32.12.3.rel1.win32_1.0.200.202406191623/tools/bin/../lib/gcc/arm-none-eabi/12.3.1/thumb/v7-m/nofp/crtbegin.o
 .text          0x08000224       0x10 C:/ST/STM32CubeIDE_1.16.0/STM32CubeIDE/plugins/com.st.stm32cube.ide.mcu.externaltools.gnu-tools-for-stm32.12.3.rel1.win32_1.0.200.202406191623/tools/bin/../lib/gcc/arm-none-eabi/12.3.1/../../../../arm-none-eabi/lib/thumb/v7-m/nofp\libc_nano.a(libc_a-strlen.o)
                0x08000224                strlen
 .text          0x08000234      0x254 C:/ST/STM32CubeIDE_1.16.0/STM32CubeIDE/plugins/com.st.stm32cube.ide.mcu.externaltools.gnu-tools-for-stm32.12.3.rel1.win32_1.0.200.202406191623/tools/bin/../lib/gcc/arm-none-eabi/12.3.1/thumb/v7-m/nofp\libgcc.a(_arm_muldf3.o)
                0x08000234                __muldf3
                0x08000234                __aeabi_dmul
 .text          0x08000488      0x378 C:/ST/STM32CubeIDE_1.16.0/STM32CubeIDE/plugins/com.st.stm32cube.ide.mcu.externaltools.gnu-tools-for-stm32.12.3.rel1.win32_1.0.200.202406191623/tools/bin/../lib/gcc/arm-none-eabi/12.3.1/thumb/v7-m/nofp\libgcc.a(_arm_addsubdf3.o)
                0x08000488                __aeabi_drsub
                0x08000490                __aeabi_dsub
                0x08000490                __subdf3
                0x08000494                __aeabi_dadd
                0x08000494                __adddf3
                0x0800070c                __floatunsidf
                0x0800070c                __aeabi_ui2d
                0x0800072c                __floatsidf
                0x0800072c                __aeabi_i2d
                0x08000750                __aeabi_f2d
                0x08000750                __extendsfdf2
                0x08000794                __floatundidf
                0x08000794                __aeabi_ul2d
                0x080007a4                __floatdidf
                0x080007a4                __aeabi_l2d
 .text          0x08000800       0x40 C:/ST/STM32CubeIDE_1.16.0/STM32CubeIDE/plugins/com.st.stm32cube.ide.mcu.externaltools.gnu-tools-for-stm32.12.3.rel1.win32_1.0.200.202406191623/tools/bin/../lib/gcc/arm-none-eabi/12.3.1/thumb/v7-m/nofp\libgcc.a(_arm_fixunsdfsi.o)
                0x08000800                __aeabi_d2uiz
                0x08000800                __fixunsdfsi
 *(.text*)
 .text.MX_GPIO_Init
                0x08000840       0x5c ./Core/Src/gpio.o
                0x08000840                MX_GPIO_Init
 .text.USB_CDC_Print
                0x0800089c       0x2c ./Core/Src/main.o
 .text.SDIO_SDCard_Test
                0x080008c8      0x418 ./Core/Src/main.o
 .text.main     0x08000ce0       0x2a ./Core/Src/main.o
                0x08000ce0                main
 .text.SystemClock_Config
                0x08000d0a       0xbc ./Core/Src/main.o
                0x08000d0a                SystemClock_Config
 .text.Error_Handler
                0x08000dc6        0xc ./Core/Src/main.o
                0x08000dc6                Error_Handler
 *fill*         0x08000dd2        0x2 
 .text.MX_SDIO_SD_Init
                0x08000dd4       0x60 ./Core/Src/sdio.o
                0x08000dd4                MX_SDIO_SD_Init
 .text.HAL_SD_MspInit
                0x08000e34       0xb4 ./Core/Src/sdio.o
                0x08000e34                HAL_SD_MspInit
 .text.HAL_MspInit
                0x08000ee8       0x64 ./Core/Src/stm32f1xx_hal_msp.o
                0x08000ee8                HAL_MspInit
 .text.NMI_Handler
                0x08000f4c        0xc ./Core/Src/stm32f1xx_it.o
                0x08000f4c                NMI_Handler
 .text.HardFault_Handler
                0x08000f58        0x8 ./Core/Src/stm32f1xx_it.o
                0x08000f58                HardFault_Handler
 .text.MemManage_Handler
                0x08000f60        0x8 ./Core/Src/stm32f1xx_it.o
                0x08000f60                MemManage_Handler
 .text.BusFault_Handler
                0x08000f68        0x8 ./Core/Src/stm32f1xx_it.o
                0x08000f68                BusFault_Handler
 .text.UsageFault_Handler
                0x08000f70        0x8 ./Core/Src/stm32f1xx_it.o
                0x08000f70                UsageFault_Handler
 .text.SVC_Handler
                0x08000f78        0xc ./Core/Src/stm32f1xx_it.o
                0x08000f78                SVC_Handler
 .text.DebugMon_Handler
                0x08000f84        0xc ./Core/Src/stm32f1xx_it.o
                0x08000f84                DebugMon_Handler
 .text.PendSV_Handler
                0x08000f90        0xc ./Core/Src/stm32f1xx_it.o
                0x08000f90                PendSV_Handler
 .text.SysTick_Handler
                0x08000f9c        0xc ./Core/Src/stm32f1xx_it.o
                0x08000f9c                SysTick_Handler
 .text.USB_LP_CAN1_RX0_IRQHandler
                0x08000fa8       0x14 ./Core/Src/stm32f1xx_it.o
                0x08000fa8                USB_LP_CAN1_RX0_IRQHandler
 .text._sbrk    0x08000fbc       0x6c ./Core/Src/sysmem.o
                0x08000fbc                _sbrk
 .text.SystemInit
                0x08001028        0xc ./Core/Src/system_stm32f1xx.o
                0x08001028                SystemInit
 .text.Reset_Handler
                0x08001034       0x48 ./Core/Startup/startup_stm32f103rctx.o
                0x08001034                Reset_Handler
 .text.Default_Handler
                0x0800107c        0x2 ./Core/Startup/startup_stm32f103rctx.o
                0x0800107c                RTC_Alarm_IRQHandler
                0x0800107c                EXTI2_IRQHandler
                0x0800107c                TIM8_TRG_COM_IRQHandler
                0x0800107c                TIM8_CC_IRQHandler
                0x0800107c                TIM1_CC_IRQHandler
                0x0800107c                TIM6_IRQHandler
                0x0800107c                PVD_IRQHandler
                0x0800107c                SDIO_IRQHandler
                0x0800107c                EXTI3_IRQHandler
                0x0800107c                EXTI0_IRQHandler
                0x0800107c                I2C2_EV_IRQHandler
                0x0800107c                ADC1_2_IRQHandler
                0x0800107c                SPI1_IRQHandler
                0x0800107c                TAMPER_IRQHandler
                0x0800107c                TIM8_UP_IRQHandler
                0x0800107c                DMA2_Channel2_IRQHandler
                0x0800107c                DMA1_Channel4_IRQHandler
                0x0800107c                USART3_IRQHandler
                0x0800107c                RTC_IRQHandler
                0x0800107c                DMA1_Channel7_IRQHandler
                0x0800107c                CAN1_RX1_IRQHandler
                0x0800107c                UART5_IRQHandler
                0x0800107c                ADC3_IRQHandler
                0x0800107c                TIM4_IRQHandler
                0x0800107c                DMA2_Channel1_IRQHandler
                0x0800107c                I2C1_EV_IRQHandler
                0x0800107c                DMA1_Channel6_IRQHandler
                0x0800107c                UART4_IRQHandler
                0x0800107c                TIM3_IRQHandler
                0x0800107c                RCC_IRQHandler
                0x0800107c                TIM1_TRG_COM_IRQHandler
                0x0800107c                DMA1_Channel1_IRQHandler
                0x0800107c                Default_Handler
                0x0800107c                EXTI15_10_IRQHandler
                0x0800107c                TIM7_IRQHandler
                0x0800107c                TIM5_IRQHandler
                0x0800107c                EXTI9_5_IRQHandler
                0x0800107c                SPI2_IRQHandler
                0x0800107c                DMA1_Channel5_IRQHandler
                0x0800107c                EXTI4_IRQHandler
                0x0800107c                USB_HP_CAN1_TX_IRQHandler
                0x0800107c                DMA1_Channel3_IRQHandler
                0x0800107c                FSMC_IRQHandler
                0x0800107c                TIM1_UP_IRQHandler
                0x0800107c                WWDG_IRQHandler
                0x0800107c                TIM2_IRQHandler
                0x0800107c                TIM1_BRK_IRQHandler
                0x0800107c                EXTI1_IRQHandler
                0x0800107c                DMA2_Channel4_5_IRQHandler
                0x0800107c                USART2_IRQHandler
                0x0800107c                I2C2_ER_IRQHandler
                0x0800107c                DMA1_Channel2_IRQHandler
                0x0800107c                TIM8_BRK_IRQHandler
                0x0800107c                CAN1_SCE_IRQHandler
                0x0800107c                FLASH_IRQHandler
                0x0800107c                USART1_IRQHandler
                0x0800107c                SPI3_IRQHandler
                0x0800107c                I2C1_ER_IRQHandler
                0x0800107c                USBWakeUp_IRQHandler
                0x0800107c                DMA2_Channel3_IRQHandler
 *fill*         0x0800107e        0x2 
 .text.HAL_Init
                0x08001080       0x2c ./Drivers/STM32F1xx_HAL_Driver/Src/stm32f1xx_hal.o
                0x08001080                HAL_Init
 .text.HAL_InitTick
                0x080010ac       0x60 ./Drivers/STM32F1xx_HAL_Driver/Src/stm32f1xx_hal.o
                0x080010ac                HAL_InitTick
 .text.HAL_IncTick
                0x0800110c       0x24 ./Drivers/STM32F1xx_HAL_Driver/Src/stm32f1xx_hal.o
                0x0800110c                HAL_IncTick
 .text.HAL_GetTick
                0x08001130       0x14 ./Drivers/STM32F1xx_HAL_Driver/Src/stm32f1xx_hal.o
                0x08001130                HAL_GetTick
 .text.HAL_Delay
                0x08001144       0x48 ./Drivers/STM32F1xx_HAL_Driver/Src/stm32f1xx_hal.o
                0x08001144                HAL_Delay
 .text.__NVIC_SetPriorityGrouping
                0x0800118c       0x48 ./Drivers/STM32F1xx_HAL_Driver/Src/stm32f1xx_hal_cortex.o
 .text.__NVIC_GetPriorityGrouping
                0x080011d4       0x1c ./Drivers/STM32F1xx_HAL_Driver/Src/stm32f1xx_hal_cortex.o
 .text.__NVIC_EnableIRQ
                0x080011f0       0x38 ./Drivers/STM32F1xx_HAL_Driver/Src/stm32f1xx_hal_cortex.o
 .text.__NVIC_SetPriority
                0x08001228       0x54 ./Drivers/STM32F1xx_HAL_Driver/Src/stm32f1xx_hal_cortex.o
 .text.NVIC_EncodePriority
                0x0800127c       0x64 ./Drivers/STM32F1xx_HAL_Driver/Src/stm32f1xx_hal_cortex.o
 .text.SysTick_Config
                0x080012e0       0x44 ./Drivers/STM32F1xx_HAL_Driver/Src/stm32f1xx_hal_cortex.o
 .text.HAL_NVIC_SetPriorityGrouping
                0x08001324       0x16 ./Drivers/STM32F1xx_HAL_Driver/Src/stm32f1xx_hal_cortex.o
                0x08001324                HAL_NVIC_SetPriorityGrouping
 .text.HAL_NVIC_SetPriority
                0x0800133a       0x38 ./Drivers/STM32F1xx_HAL_Driver/Src/stm32f1xx_hal_cortex.o
                0x0800133a                HAL_NVIC_SetPriority
 .text.HAL_NVIC_EnableIRQ
                0x08001372       0x1c ./Drivers/STM32F1xx_HAL_Driver/Src/stm32f1xx_hal_cortex.o
                0x08001372                HAL_NVIC_EnableIRQ
 .text.HAL_SYSTICK_Config
                0x0800138e       0x18 ./Drivers/STM32F1xx_HAL_Driver/Src/stm32f1xx_hal_cortex.o
                0x0800138e                HAL_SYSTICK_Config
 *fill*         0x080013a6        0x2 
 .text.HAL_GPIO_Init
                0x080013a8      0x328 ./Drivers/STM32F1xx_HAL_Driver/Src/stm32f1xx_hal_gpio.o
                0x080013a8                HAL_GPIO_Init
 .text.HAL_PCD_Init
                0x080016d0      0x1fe ./Drivers/STM32F1xx_HAL_Driver/Src/stm32f1xx_hal_pcd.o
                0x080016d0                HAL_PCD_Init
 .text.HAL_PCD_Start
                0x080018ce       0x4c ./Drivers/STM32F1xx_HAL_Driver/Src/stm32f1xx_hal_pcd.o
                0x080018ce                HAL_PCD_Start
 .text.HAL_PCD_IRQHandler
                0x0800191a      0x260 ./Drivers/STM32F1xx_HAL_Driver/Src/stm32f1xx_hal_pcd.o
                0x0800191a                HAL_PCD_IRQHandler
 .text.HAL_PCD_SetAddress
                0x08001b7a       0x4a ./Drivers/STM32F1xx_HAL_Driver/Src/stm32f1xx_hal_pcd.o
                0x08001b7a                HAL_PCD_SetAddress
 .text.HAL_PCD_EP_Open
                0x08001bc4       0xba ./Drivers/STM32F1xx_HAL_Driver/Src/stm32f1xx_hal_pcd.o
                0x08001bc4                HAL_PCD_EP_Open
 .text.HAL_PCD_EP_Close
                0x08001c7e       0x90 ./Drivers/STM32F1xx_HAL_Driver/Src/stm32f1xx_hal_pcd.o
                0x08001c7e                HAL_PCD_EP_Close
 .text.HAL_PCD_EP_Receive
                0x08001d0e       0x62 ./Drivers/STM32F1xx_HAL_Driver/Src/stm32f1xx_hal_pcd.o
                0x08001d0e                HAL_PCD_EP_Receive
 .text.HAL_PCD_EP_GetRxCount
                0x08001d70       0x2e ./Drivers/STM32F1xx_HAL_Driver/Src/stm32f1xx_hal_pcd.o
                0x08001d70                HAL_PCD_EP_GetRxCount
 .text.HAL_PCD_EP_Transmit
                0x08001d9e       0x6e ./Drivers/STM32F1xx_HAL_Driver/Src/stm32f1xx_hal_pcd.o
                0x08001d9e                HAL_PCD_EP_Transmit
 .text.HAL_PCD_EP_SetStall
                0x08001e0c       0xc0 ./Drivers/STM32F1xx_HAL_Driver/Src/stm32f1xx_hal_pcd.o
                0x08001e0c                HAL_PCD_EP_SetStall
 .text.HAL_PCD_EP_ClrStall
                0x08001ecc       0xa8 ./Drivers/STM32F1xx_HAL_Driver/Src/stm32f1xx_hal_pcd.o
                0x08001ecc                HAL_PCD_EP_ClrStall
 .text.PCD_EP_ISR_Handler
                0x08001f74      0x7a4 ./Drivers/STM32F1xx_HAL_Driver/Src/stm32f1xx_hal_pcd.o
 .text.HAL_PCD_EP_DB_Receive
                0x08002718      0x21a ./Drivers/STM32F1xx_HAL_Driver/Src/stm32f1xx_hal_pcd.o
 .text.HAL_PCD_EP_DB_Transmit
                0x08002932      0x7f4 ./Drivers/STM32F1xx_HAL_Driver/Src/stm32f1xx_hal_pcd.o
 .text.HAL_PCDEx_PMAConfig
                0x08003126       0x84 ./Drivers/STM32F1xx_HAL_Driver/Src/stm32f1xx_hal_pcd_ex.o
                0x08003126                HAL_PCDEx_PMAConfig
 *fill*         0x080031aa        0x2 
 .text.HAL_RCC_OscConfig
                0x080031ac      0x504 ./Drivers/STM32F1xx_HAL_Driver/Src/stm32f1xx_hal_rcc.o
                0x080031ac                HAL_RCC_OscConfig
 .text.HAL_RCC_ClockConfig
                0x080036b0      0x1d4 ./Drivers/STM32F1xx_HAL_Driver/Src/stm32f1xx_hal_rcc.o
                0x080036b0                HAL_RCC_ClockConfig
 .text.HAL_RCC_EnableCSS
                0x08003884       0x18 ./Drivers/STM32F1xx_HAL_Driver/Src/stm32f1xx_hal_rcc.o
                0x08003884                HAL_RCC_EnableCSS
 .text.HAL_RCC_GetSysClockFreq
                0x0800389c       0xa8 ./Drivers/STM32F1xx_HAL_Driver/Src/stm32f1xx_hal_rcc.o
                0x0800389c                HAL_RCC_GetSysClockFreq
 .text.HAL_RCC_NMI_IRQHandler
                0x08003944       0x28 ./Drivers/STM32F1xx_HAL_Driver/Src/stm32f1xx_hal_rcc.o
                0x08003944                HAL_RCC_NMI_IRQHandler
 .text.RCC_Delay
                0x0800396c       0x3c ./Drivers/STM32F1xx_HAL_Driver/Src/stm32f1xx_hal_rcc.o
 .text.HAL_RCC_CSSCallback
                0x080039a8        0xc ./Drivers/STM32F1xx_HAL_Driver/Src/stm32f1xx_hal_rcc.o
                0x080039a8                HAL_RCC_CSSCallback
 .text.HAL_RCCEx_PeriphCLKConfig
                0x080039b4      0x16c ./Drivers/STM32F1xx_HAL_Driver/Src/stm32f1xx_hal_rcc_ex.o
                0x080039b4                HAL_RCCEx_PeriphCLKConfig
 .text.HAL_SD_Init
                0x08003b20       0x60 ./Drivers/STM32F1xx_HAL_Driver/Src/stm32f1xx_hal_sd.o
                0x08003b20                HAL_SD_Init
 .text.HAL_SD_InitCard
                0x08003b80      0x100 ./Drivers/STM32F1xx_HAL_Driver/Src/stm32f1xx_hal_sd.o
                0x08003b80                HAL_SD_InitCard
 .text.HAL_SD_ReadBlocks
                0x08003c80      0x3bc ./Drivers/STM32F1xx_HAL_Driver/Src/stm32f1xx_hal_sd.o
                0x08003c80                HAL_SD_ReadBlocks
 .text.HAL_SD_WriteBlocks
                0x0800403c      0x30c ./Drivers/STM32F1xx_HAL_Driver/Src/stm32f1xx_hal_sd.o
                0x0800403c                HAL_SD_WriteBlocks
 .text.HAL_SD_GetCardCSD
                0x08004348      0x348 ./Drivers/STM32F1xx_HAL_Driver/Src/stm32f1xx_hal_sd.o
                0x08004348                HAL_SD_GetCardCSD
 .text.HAL_SD_GetCardInfo
                0x08004690       0x56 ./Drivers/STM32F1xx_HAL_Driver/Src/stm32f1xx_hal_sd.o
                0x08004690                HAL_SD_GetCardInfo
 *fill*         0x080046e6        0x2 
 .text.HAL_SD_ConfigWideBusOperation
                0x080046e8      0x134 ./Drivers/STM32F1xx_HAL_Driver/Src/stm32f1xx_hal_sd.o
                0x080046e8                HAL_SD_ConfigWideBusOperation
 .text.HAL_SD_GetCardState
                0x0800481c       0x40 ./Drivers/STM32F1xx_HAL_Driver/Src/stm32f1xx_hal_sd.o
                0x0800481c                HAL_SD_GetCardState
 .text.SD_InitCard
                0x0800485c      0x19c ./Drivers/STM32F1xx_HAL_Driver/Src/stm32f1xx_hal_sd.o
 .text.SD_PowerON
                0x080049f8      0x11c ./Drivers/STM32F1xx_HAL_Driver/Src/stm32f1xx_hal_sd.o
 .text.SD_SendStatus
                0x08004b14       0x50 ./Drivers/STM32F1xx_HAL_Driver/Src/stm32f1xx_hal_sd.o
 .text.SD_WideBus_Enable
                0x08004b64       0x96 ./Drivers/STM32F1xx_HAL_Driver/Src/stm32f1xx_hal_sd.o
 .text.SD_WideBus_Disable
                0x08004bfa       0x96 ./Drivers/STM32F1xx_HAL_Driver/Src/stm32f1xx_hal_sd.o
 .text.SD_FindSCR
                0x08004c90      0x1a6 ./Drivers/STM32F1xx_HAL_Driver/Src/stm32f1xx_hal_sd.o
 .text.SDIO_Init
                0x08004e36       0x54 ./Drivers/STM32F1xx_HAL_Driver/Src/stm32f1xx_ll_sdmmc.o
                0x08004e36                SDIO_Init
 .text.SDIO_ReadFIFO
                0x08004e8a       0x18 ./Drivers/STM32F1xx_HAL_Driver/Src/stm32f1xx_ll_sdmmc.o
                0x08004e8a                SDIO_ReadFIFO
 .text.SDIO_WriteFIFO
                0x08004ea2       0x20 ./Drivers/STM32F1xx_HAL_Driver/Src/stm32f1xx_ll_sdmmc.o
                0x08004ea2                SDIO_WriteFIFO
 .text.SDIO_PowerState_ON
                0x08004ec2       0x1a ./Drivers/STM32F1xx_HAL_Driver/Src/stm32f1xx_ll_sdmmc.o
                0x08004ec2                SDIO_PowerState_ON
 .text.SDIO_GetPowerState
                0x08004edc       0x1a ./Drivers/STM32F1xx_HAL_Driver/Src/stm32f1xx_ll_sdmmc.o
                0x08004edc                SDIO_GetPowerState
 .text.SDIO_SendCommand
                0x08004ef6       0x52 ./Drivers/STM32F1xx_HAL_Driver/Src/stm32f1xx_ll_sdmmc.o
                0x08004ef6                SDIO_SendCommand
 .text.SDIO_GetCommandResponse
                0x08004f48       0x18 ./Drivers/STM32F1xx_HAL_Driver/Src/stm32f1xx_ll_sdmmc.o
                0x08004f48                SDIO_GetCommandResponse
 .text.SDIO_GetResponse
                0x08004f60       0x24 ./Drivers/STM32F1xx_HAL_Driver/Src/stm32f1xx_ll_sdmmc.o
                0x08004f60                SDIO_GetResponse
 .text.SDIO_ConfigData
                0x08004f84       0x56 ./Drivers/STM32F1xx_HAL_Driver/Src/stm32f1xx_ll_sdmmc.o
                0x08004f84                SDIO_ConfigData
 .text.SDMMC_CmdBlockLength
                0x08004fda       0x44 ./Drivers/STM32F1xx_HAL_Driver/Src/stm32f1xx_ll_sdmmc.o
                0x08004fda                SDMMC_CmdBlockLength
 .text.SDMMC_CmdReadSingleBlock
                0x0800501e       0x44 ./Drivers/STM32F1xx_HAL_Driver/Src/stm32f1xx_ll_sdmmc.o
                0x0800501e                SDMMC_CmdReadSingleBlock
 .text.SDMMC_CmdReadMultiBlock
                0x08005062       0x44 ./Drivers/STM32F1xx_HAL_Driver/Src/stm32f1xx_ll_sdmmc.o
                0x08005062                SDMMC_CmdReadMultiBlock
 .text.SDMMC_CmdWriteSingleBlock
                0x080050a6       0x44 ./Drivers/STM32F1xx_HAL_Driver/Src/stm32f1xx_ll_sdmmc.o
                0x080050a6                SDMMC_CmdWriteSingleBlock
 .text.SDMMC_CmdWriteMultiBlock
                0x080050ea       0x44 ./Drivers/STM32F1xx_HAL_Driver/Src/stm32f1xx_ll_sdmmc.o
                0x080050ea                SDMMC_CmdWriteMultiBlock
 *fill*         0x0800512e        0x2 
 .text.SDMMC_CmdStopTransfer
                0x08005130       0x44 ./Drivers/STM32F1xx_HAL_Driver/Src/stm32f1xx_ll_sdmmc.o
                0x08005130                SDMMC_CmdStopTransfer
 .text.SDMMC_CmdSelDesel
                0x08005174       0x46 ./Drivers/STM32F1xx_HAL_Driver/Src/stm32f1xx_ll_sdmmc.o
                0x08005174                SDMMC_CmdSelDesel
 .text.SDMMC_CmdGoIdleState
                0x080051ba       0x3c ./Drivers/STM32F1xx_HAL_Driver/Src/stm32f1xx_ll_sdmmc.o
                0x080051ba                SDMMC_CmdGoIdleState
 .text.SDMMC_CmdOperCond
                0x080051f6       0x3e ./Drivers/STM32F1xx_HAL_Driver/Src/stm32f1xx_ll_sdmmc.o
                0x080051f6                SDMMC_CmdOperCond
 .text.SDMMC_CmdAppCommand
                0x08005234       0x44 ./Drivers/STM32F1xx_HAL_Driver/Src/stm32f1xx_ll_sdmmc.o
                0x08005234                SDMMC_CmdAppCommand
 .text.SDMMC_CmdAppOperCommand
                0x08005278       0x46 ./Drivers/STM32F1xx_HAL_Driver/Src/stm32f1xx_ll_sdmmc.o
                0x08005278                SDMMC_CmdAppOperCommand
 .text.SDMMC_CmdBusWidth
                0x080052be       0x44 ./Drivers/STM32F1xx_HAL_Driver/Src/stm32f1xx_ll_sdmmc.o
                0x080052be                SDMMC_CmdBusWidth
 .text.SDMMC_CmdSendSCR
                0x08005302       0x42 ./Drivers/STM32F1xx_HAL_Driver/Src/stm32f1xx_ll_sdmmc.o
                0x08005302                SDMMC_CmdSendSCR
 .text.SDMMC_CmdSendCID
                0x08005344       0x3c ./Drivers/STM32F1xx_HAL_Driver/Src/stm32f1xx_ll_sdmmc.o
                0x08005344                SDMMC_CmdSendCID
 .text.SDMMC_CmdSendCSD
                0x08005380       0x3e ./Drivers/STM32F1xx_HAL_Driver/Src/stm32f1xx_ll_sdmmc.o
                0x08005380                SDMMC_CmdSendCSD
 .text.SDMMC_CmdSetRelAdd
                0x080053be       0x42 ./Drivers/STM32F1xx_HAL_Driver/Src/stm32f1xx_ll_sdmmc.o
                0x080053be                SDMMC_CmdSetRelAdd
 .text.SDMMC_CmdSendStatus
                0x08005400       0x44 ./Drivers/STM32F1xx_HAL_Driver/Src/stm32f1xx_ll_sdmmc.o
                0x08005400                SDMMC_CmdSendStatus
 .text.SDMMC_GetCmdResp1
                0x08005444      0x1dc ./Drivers/STM32F1xx_HAL_Driver/Src/stm32f1xx_ll_sdmmc.o
                0x08005444                SDMMC_GetCmdResp1
 .text.SDMMC_GetCmdResp2
                0x08005620       0x90 ./Drivers/STM32F1xx_HAL_Driver/Src/stm32f1xx_ll_sdmmc.o
                0x08005620                SDMMC_GetCmdResp2
 .text.SDMMC_GetCmdResp3
                0x080056b0       0x78 ./Drivers/STM32F1xx_HAL_Driver/Src/stm32f1xx_ll_sdmmc.o
                0x080056b0                SDMMC_GetCmdResp3
 .text.SDMMC_GetCmdResp6
                0x08005728       0xec ./Drivers/STM32F1xx_HAL_Driver/Src/stm32f1xx_ll_sdmmc.o
                0x08005728                SDMMC_GetCmdResp6
 .text.SDMMC_GetCmdResp7
                0x08005814       0x9c ./Drivers/STM32F1xx_HAL_Driver/Src/stm32f1xx_ll_sdmmc.o
                0x08005814                SDMMC_GetCmdResp7
 .text.SDMMC_GetCmdError
                0x080058b0       0x54 ./Drivers/STM32F1xx_HAL_Driver/Src/stm32f1xx_ll_sdmmc.o
 .text.USB_CoreInit
                0x08005904       0x20 ./Drivers/STM32F1xx_HAL_Driver/Src/stm32f1xx_ll_usb.o
                0x08005904                USB_CoreInit
 .text.USB_EnableGlobalInt
                0x08005924       0x2c ./Drivers/STM32F1xx_HAL_Driver/Src/stm32f1xx_ll_usb.o
                0x08005924                USB_EnableGlobalInt
 .text.USB_DisableGlobalInt
                0x08005950       0x34 ./Drivers/STM32F1xx_HAL_Driver/Src/stm32f1xx_ll_usb.o
                0x08005950                USB_DisableGlobalInt
 .text.USB_SetCurrentMode
                0x08005984       0x18 ./Drivers/STM32F1xx_HAL_Driver/Src/stm32f1xx_ll_usb.o
                0x08005984                USB_SetCurrentMode
 .text.USB_DevInit
                0x0800599c       0x40 ./Drivers/STM32F1xx_HAL_Driver/Src/stm32f1xx_ll_usb.o
                0x0800599c                USB_DevInit
 .text.USB_ActivateEndpoint
                0x080059dc      0x780 ./Drivers/STM32F1xx_HAL_Driver/Src/stm32f1xx_ll_usb.o
                0x080059dc                USB_ActivateEndpoint
 .text.USB_DeactivateEndpoint
                0x0800615c      0x3d8 ./Drivers/STM32F1xx_HAL_Driver/Src/stm32f1xx_ll_usb.o
                0x0800615c                USB_DeactivateEndpoint
 .text.USB_EPStartXfer
                0x08006534     0x1762 ./Drivers/STM32F1xx_HAL_Driver/Src/stm32f1xx_ll_usb.o
                0x08006534                USB_EPStartXfer
 .text.USB_EPSetStall
                0x08007c96       0xa0 ./Drivers/STM32F1xx_HAL_Driver/Src/stm32f1xx_ll_usb.o
                0x08007c96                USB_EPSetStall
 .text.USB_EPClearStall
                0x08007d36      0x15a ./Drivers/STM32F1xx_HAL_Driver/Src/stm32f1xx_ll_usb.o
                0x08007d36                USB_EPClearStall
 .text.USB_SetDevAddress
                0x08007e90       0x26 ./Drivers/STM32F1xx_HAL_Driver/Src/stm32f1xx_ll_usb.o
                0x08007e90                USB_SetDevAddress
 .text.USB_DevConnect
                0x08007eb6       0x14 ./Drivers/STM32F1xx_HAL_Driver/Src/stm32f1xx_ll_usb.o
                0x08007eb6                USB_DevConnect
 .text.USB_DevDisconnect
                0x08007eca       0x14 ./Drivers/STM32F1xx_HAL_Driver/Src/stm32f1xx_ll_usb.o
                0x08007eca                USB_DevDisconnect
 .text.USB_ReadInterrupts
                0x08007ede       0x1e ./Drivers/STM32F1xx_HAL_Driver/Src/stm32f1xx_ll_usb.o
                0x08007ede                USB_ReadInterrupts
 .text.USB_EP0_OutStart
                0x08007efc       0x16 ./Drivers/STM32F1xx_HAL_Driver/Src/stm32f1xx_ll_usb.o
                0x08007efc                USB_EP0_OutStart
 .text.USB_WritePMA
                0x08007f12       0x8a ./Drivers/STM32F1xx_HAL_Driver/Src/stm32f1xx_ll_usb.o
                0x08007f12                USB_WritePMA
 .text.USB_ReadPMA
                0x08007f9c       0x9e ./Drivers/STM32F1xx_HAL_Driver/Src/stm32f1xx_ll_usb.o
                0x08007f9c                USB_ReadPMA
 *fill*         0x0800803a        0x2 
 .text.MX_FATFS_Init
                0x0800803c       0x24 ./FATFS/App/fatfs.o
                0x0800803c                MX_FATFS_Init
 .text.get_fattime
                0x08008060        0xe ./FATFS/App/fatfs.o
                0x08008060                get_fattime
 *fill*         0x0800806e        0x2 
 .text.BSP_SD_Init
                0x08008070       0x30 ./FATFS/Target/bsp_driver_sd.o
                0x08008070                BSP_SD_Init
 .text.BSP_SD_ReadBlocks
                0x080080a0       0x3c ./FATFS/Target/bsp_driver_sd.o
                0x080080a0                BSP_SD_ReadBlocks
 .text.BSP_SD_WriteBlocks
                0x080080dc       0x3c ./FATFS/Target/bsp_driver_sd.o
                0x080080dc                BSP_SD_WriteBlocks
 .text.BSP_SD_GetCardState
                0x08008118       0x20 ./FATFS/Target/bsp_driver_sd.o
                0x08008118                BSP_SD_GetCardState
 .text.BSP_SD_GetCardInfo
                0x08008138       0x1c ./FATFS/Target/bsp_driver_sd.o
                0x08008138                BSP_SD_GetCardInfo
 .text.BSP_SD_IsDetected
                0x08008154       0x18 ./FATFS/Target/bsp_driver_sd.o
                0x08008154                BSP_SD_IsDetected
 .text.USBD_CDC_Init
                0x0800816c       0xf4 ./Middlewares/ST/STM32_USB_Device_Library/Class/CDC/Src/usbd_cdc.o
 .text.USBD_CDC_DeInit
                0x08008260       0x6e ./Middlewares/ST/STM32_USB_Device_Library/Class/CDC/Src/usbd_cdc.o
 .text.USBD_CDC_Setup
                0x080082ce      0x146 ./Middlewares/ST/STM32_USB_Device_Library/Class/CDC/Src/usbd_cdc.o
 .text.USBD_CDC_DataIn
                0x08008414       0xa6 ./Middlewares/ST/STM32_USB_Device_Library/Class/CDC/Src/usbd_cdc.o
 .text.USBD_CDC_DataOut
                0x080084ba       0x56 ./Middlewares/ST/STM32_USB_Device_Library/Class/CDC/Src/usbd_cdc.o
 .text.USBD_CDC_EP0_RxReady
                0x08008510       0x4e ./Middlewares/ST/STM32_USB_Device_Library/Class/CDC/Src/usbd_cdc.o
 *fill*         0x0800855e        0x2 
 .text.USBD_CDC_GetFSCfgDesc
                0x08008560       0x20 ./Middlewares/ST/STM32_USB_Device_Library/Class/CDC/Src/usbd_cdc.o
 .text.USBD_CDC_GetHSCfgDesc
                0x08008580       0x20 ./Middlewares/ST/STM32_USB_Device_Library/Class/CDC/Src/usbd_cdc.o
 .text.USBD_CDC_GetOtherSpeedCfgDesc
                0x080085a0       0x20 ./Middlewares/ST/STM32_USB_Device_Library/Class/CDC/Src/usbd_cdc.o
 .text.USBD_CDC_GetDeviceQualifierDescriptor
                0x080085c0       0x20 ./Middlewares/ST/STM32_USB_Device_Library/Class/CDC/Src/usbd_cdc.o
                0x080085c0                USBD_CDC_GetDeviceQualifierDescriptor
 .text.USBD_CDC_RegisterInterface
                0x080085e0       0x2c ./Middlewares/ST/STM32_USB_Device_Library/Class/CDC/Src/usbd_cdc.o
                0x080085e0                USBD_CDC_RegisterInterface
 .text.USBD_CDC_SetTxBuffer
                0x0800860c       0x32 ./Middlewares/ST/STM32_USB_Device_Library/Class/CDC/Src/usbd_cdc.o
                0x0800860c                USBD_CDC_SetTxBuffer
 .text.USBD_CDC_SetRxBuffer
                0x0800863e       0x26 ./Middlewares/ST/STM32_USB_Device_Library/Class/CDC/Src/usbd_cdc.o
                0x0800863e                USBD_CDC_SetRxBuffer
 .text.USBD_CDC_TransmitPacket
                0x08008664       0x5e ./Middlewares/ST/STM32_USB_Device_Library/Class/CDC/Src/usbd_cdc.o
                0x08008664                USBD_CDC_TransmitPacket
 .text.USBD_CDC_ReceivePacket
                0x080086c2       0x54 ./Middlewares/ST/STM32_USB_Device_Library/Class/CDC/Src/usbd_cdc.o
                0x080086c2                USBD_CDC_ReceivePacket
 .text.USBD_Init
                0x08008716       0x56 ./Middlewares/ST/STM32_USB_Device_Library/Core/Src/usbd_core.o
                0x08008716                USBD_Init
 .text.USBD_RegisterClass
                0x0800876c       0x32 ./Middlewares/ST/STM32_USB_Device_Library/Core/Src/usbd_core.o
                0x0800876c                USBD_RegisterClass
 .text.USBD_Start
                0x0800879e       0x18 ./Middlewares/ST/STM32_USB_Device_Library/Core/Src/usbd_core.o
                0x0800879e                USBD_Start
 .text.USBD_RunTestMode
                0x080087b6       0x14 ./Middlewares/ST/STM32_USB_Device_Library/Core/Src/usbd_core.o
                0x080087b6                USBD_RunTestMode
 .text.USBD_SetClassConfig
                0x080087ca       0x3e ./Middlewares/ST/STM32_USB_Device_Library/Core/Src/usbd_core.o
                0x080087ca                USBD_SetClassConfig
 .text.USBD_ClrClassConfig
                0x08008808       0x26 ./Middlewares/ST/STM32_USB_Device_Library/Core/Src/usbd_core.o
                0x08008808                USBD_ClrClassConfig
 .text.USBD_LL_SetupStage
                0x0800882e       0x9a ./Middlewares/ST/STM32_USB_Device_Library/Core/Src/usbd_core.o
                0x0800882e                USBD_LL_SetupStage
 .text.USBD_LL_DataOutStage
                0x080088c8       0xe2 ./Middlewares/ST/STM32_USB_Device_Library/Core/Src/usbd_core.o
                0x080088c8                USBD_LL_DataOutStage
 .text.USBD_LL_DataInStage
                0x080089aa      0x14a ./Middlewares/ST/STM32_USB_Device_Library/Core/Src/usbd_core.o
                0x080089aa                USBD_LL_DataInStage
 .text.USBD_LL_Reset
                0x08008af4       0x82 ./Middlewares/ST/STM32_USB_Device_Library/Core/Src/usbd_core.o
                0x08008af4                USBD_LL_Reset
 .text.USBD_LL_SetSpeed
                0x08008b76       0x1e ./Middlewares/ST/STM32_USB_Device_Library/Core/Src/usbd_core.o
                0x08008b76                USBD_LL_SetSpeed
 .text.USBD_LL_Suspend
                0x08008b94       0x28 ./Middlewares/ST/STM32_USB_Device_Library/Core/Src/usbd_core.o
                0x08008b94                USBD_LL_Suspend
 .text.USBD_LL_Resume
                0x08008bbc       0x2a ./Middlewares/ST/STM32_USB_Device_Library/Core/Src/usbd_core.o
                0x08008bbc                USBD_LL_Resume
 .text.USBD_LL_SOF
                0x08008be6       0x34 ./Middlewares/ST/STM32_USB_Device_Library/Core/Src/usbd_core.o
                0x08008be6                USBD_LL_SOF
 *fill*         0x08008c1a        0x2 
 .text.USBD_StdDevReq
                0x08008c1c       0xd4 ./Middlewares/ST/STM32_USB_Device_Library/Core/Src/usbd_ctlreq.o
                0x08008c1c                USBD_StdDevReq
 .text.USBD_StdItfReq
                0x08008cf0       0x90 ./Middlewares/ST/STM32_USB_Device_Library/Core/Src/usbd_ctlreq.o
                0x08008cf0                USBD_StdItfReq
 .text.USBD_StdEPReq
                0x08008d80      0x2c6 ./Middlewares/ST/STM32_USB_Device_Library/Core/Src/usbd_ctlreq.o
                0x08008d80                USBD_StdEPReq
 *fill*         0x08009046        0x2 
 .text.USBD_GetDescriptor
                0x08009048      0x2d0 ./Middlewares/ST/STM32_USB_Device_Library/Core/Src/usbd_ctlreq.o
 .text.USBD_SetAddress
                0x08009318       0x86 ./Middlewares/ST/STM32_USB_Device_Library/Core/Src/usbd_ctlreq.o
 *fill*         0x0800939e        0x2 
 .text.USBD_SetConfig
                0x080093a0      0x11c ./Middlewares/ST/STM32_USB_Device_Library/Core/Src/usbd_ctlreq.o
 .text.USBD_GetConfig
                0x080094bc       0x6a ./Middlewares/ST/STM32_USB_Device_Library/Core/Src/usbd_ctlreq.o
 .text.USBD_GetStatus
                0x08009526       0x66 ./Middlewares/ST/STM32_USB_Device_Library/Core/Src/usbd_ctlreq.o
 .text.USBD_SetFeature
                0x0800958c       0x28 ./Middlewares/ST/STM32_USB_Device_Library/Core/Src/usbd_ctlreq.o
 .text.USBD_ClrFeature
                0x080095b4       0x42 ./Middlewares/ST/STM32_USB_Device_Library/Core/Src/usbd_ctlreq.o
 .text.USBD_ParseSetupRequest
                0x080095f6       0x72 ./Middlewares/ST/STM32_USB_Device_Library/Core/Src/usbd_ctlreq.o
                0x080095f6                USBD_ParseSetupRequest
 .text.USBD_CtlError
                0x08009668       0x22 ./Middlewares/ST/STM32_USB_Device_Library/Core/Src/usbd_ctlreq.o
                0x08009668                USBD_CtlError
 .text.USBD_GetString
                0x0800968a       0x84 ./Middlewares/ST/STM32_USB_Device_Library/Core/Src/usbd_ctlreq.o
                0x0800968a                USBD_GetString
 .text.USBD_GetLen
                0x0800970e       0x2e ./Middlewares/ST/STM32_USB_Device_Library/Core/Src/usbd_ctlreq.o
 .text.USBD_CtlSendData
                0x0800973c       0x38 ./Middlewares/ST/STM32_USB_Device_Library/Core/Src/usbd_ioreq.o
                0x0800973c                USBD_CtlSendData
 .text.USBD_CtlContinueSendData
                0x08009774       0x24 ./Middlewares/ST/STM32_USB_Device_Library/Core/Src/usbd_ioreq.o
                0x08009774                USBD_CtlContinueSendData
 .text.USBD_CtlPrepareRx
                0x08009798       0x3c ./Middlewares/ST/STM32_USB_Device_Library/Core/Src/usbd_ioreq.o
                0x08009798                USBD_CtlPrepareRx
 .text.USBD_CtlContinueRx
                0x080097d4       0x24 ./Middlewares/ST/STM32_USB_Device_Library/Core/Src/usbd_ioreq.o
                0x080097d4                USBD_CtlContinueRx
 .text.USBD_CtlSendStatus
                0x080097f8       0x26 ./Middlewares/ST/STM32_USB_Device_Library/Core/Src/usbd_ioreq.o
                0x080097f8                USBD_CtlSendStatus
 .text.USBD_CtlReceiveStatus
                0x0800981e       0x26 ./Middlewares/ST/STM32_USB_Device_Library/Core/Src/usbd_ioreq.o
                0x0800981e                USBD_CtlReceiveStatus
 .text.disk_status
                0x08009844       0x34 ./Middlewares/Third_Party/FatFs/src/diskio.o
                0x08009844                disk_status
 .text.disk_initialize
                0x08009878       0x4c ./Middlewares/Third_Party/FatFs/src/diskio.o
                0x08009878                disk_initialize
 .text.disk_read
                0x080098c4       0x40 ./Middlewares/Third_Party/FatFs/src/diskio.o
                0x080098c4                disk_read
 .text.disk_write
                0x08009904       0x40 ./Middlewares/Third_Party/FatFs/src/diskio.o
                0x08009904                disk_write
 .text.disk_ioctl
                0x08009944       0x3c ./Middlewares/Third_Party/FatFs/src/diskio.o
                0x08009944                disk_ioctl
 .text.mem_cpy  0x08009980       0x3c ./Middlewares/Third_Party/FatFs/src/ff.o
 .text.mem_set  0x080099bc       0x34 ./Middlewares/Third_Party/FatFs/src/ff.o
 .text.mem_cmp  0x080099f0       0x4c ./Middlewares/Third_Party/FatFs/src/ff.o
 .text.chk_chr  0x08009a3c       0x34 ./Middlewares/Third_Party/FatFs/src/ff.o
 .text.chk_lock
                0x08009a70       0xe0 ./Middlewares/Third_Party/FatFs/src/ff.o
 .text.enq_lock
                0x08009b50       0x48 ./Middlewares/Third_Party/FatFs/src/ff.o
 .text.inc_lock
                0x08009b98      0x178 ./Middlewares/Third_Party/FatFs/src/ff.o
 .text.dec_lock
                0x08009d10       0x88 ./Middlewares/Third_Party/FatFs/src/ff.o
 .text.clear_lock
                0x08009d98       0x54 ./Middlewares/Third_Party/FatFs/src/ff.o
 .text.sync_window
                0x08009dec       0xa4 ./Middlewares/Third_Party/FatFs/src/ff.o
 .text.move_window
                0x08009e90       0x64 ./Middlewares/Third_Party/FatFs/src/ff.o
 .text.sync_fs  0x08009ef4      0x17e ./Middlewares/Third_Party/FatFs/src/ff.o
 .text.clust2sect
                0x0800a072       0x48 ./Middlewares/Third_Party/FatFs/src/ff.o
                0x0800a072                clust2sect
 .text.get_fat  0x0800a0ba      0x1f6 ./Middlewares/Third_Party/FatFs/src/ff.o
                0x0800a0ba                get_fat
 .text.put_fat  0x0800a2b0      0x2a6 ./Middlewares/Third_Party/FatFs/src/ff.o
                0x0800a2b0                put_fat
 .text.remove_chain
                0x0800a556       0xc2 ./Middlewares/Third_Party/FatFs/src/ff.o
 .text.create_chain
                0x0800a618      0x150 ./Middlewares/Third_Party/FatFs/src/ff.o
 .text.clmt_clust
                0x0800a768       0x80 ./Middlewares/Third_Party/FatFs/src/ff.o
 .text.dir_sdi  0x0800a7e8      0x19c ./Middlewares/Third_Party/FatFs/src/ff.o
 .text.dir_next
                0x0800a984      0x294 ./Middlewares/Third_Party/FatFs/src/ff.o
 .text.dir_alloc
                0x0800ac18       0x9c ./Middlewares/Third_Party/FatFs/src/ff.o
 .text.ld_clust
                0x0800acb4       0x5c ./Middlewares/Third_Party/FatFs/src/ff.o
 .text.st_clust
                0x0800ad10       0x4c ./Middlewares/Third_Party/FatFs/src/ff.o
 .text.cmp_lfn  0x0800ad5c       0xdc ./Middlewares/Third_Party/FatFs/src/ff.o
 .text.fit_lfn  0x0800ae38       0xe8 ./Middlewares/Third_Party/FatFs/src/ff.o
 .text.gen_numname
                0x0800af20      0x11c ./Middlewares/Third_Party/FatFs/src/ff.o
 .text.sum_sfn  0x0800b03c       0x40 ./Middlewares/Third_Party/FatFs/src/ff.o
 .text.dir_find
                0x0800b07c      0x198 ./Middlewares/Third_Party/FatFs/src/ff.o
 .text.dir_register
                0x0800b214      0x248 ./Middlewares/Third_Party/FatFs/src/ff.o
 .text.create_name
                0x0800b45c      0x37c ./Middlewares/Third_Party/FatFs/src/ff.o
 .text.follow_path
                0x0800b7d8       0xec ./Middlewares/Third_Party/FatFs/src/ff.o
 .text.get_ldnumber
                0x0800b8c4       0x86 ./Middlewares/Third_Party/FatFs/src/ff.o
 *fill*         0x0800b94a        0x2 
 .text.check_fs
                0x0800b94c       0xdc ./Middlewares/Third_Party/FatFs/src/ff.o
 .text.find_volume
                0x0800ba28      0x664 ./Middlewares/Third_Party/FatFs/src/ff.o
 .text.validate
                0x0800c08c       0x76 ./Middlewares/Third_Party/FatFs/src/ff.o
 *fill*         0x0800c102        0x2 
 .text.f_mount  0x0800c104       0x94 ./Middlewares/Third_Party/FatFs/src/ff.o
                0x0800c104                f_mount
 .text.f_open   0x0800c198      0x628 ./Middlewares/Third_Party/FatFs/src/ff.o
                0x0800c198                f_open
 .text.f_read   0x0800c7c0      0x3d0 ./Middlewares/Third_Party/FatFs/src/ff.o
                0x0800c7c0                f_read
 .text.f_write  0x0800cb90      0x472 ./Middlewares/Third_Party/FatFs/src/ff.o
                0x0800cb90                f_write
 .text.f_sync   0x0800d002      0x19c ./Middlewares/Third_Party/FatFs/src/ff.o
                0x0800d002                f_sync
 .text.f_close  0x0800d19e       0x56 ./Middlewares/Third_Party/FatFs/src/ff.o
                0x0800d19e                f_close
 .text.f_lseek  0x0800d1f4      0x5e2 ./Middlewares/Third_Party/FatFs/src/ff.o
                0x0800d1f4                f_lseek
 .text.f_getfree
                0x0800d7d6      0x1b4 ./Middlewares/Third_Party/FatFs/src/ff.o
                0x0800d7d6                f_getfree
 .text.f_gets   0x0800d98a       0x7c ./Middlewares/Third_Party/FatFs/src/ff.o
                0x0800d98a                f_gets
 .text.putc_bfd
                0x0800da06       0x7a ./Middlewares/Third_Party/FatFs/src/ff.o
 .text.f_puts   0x0800da80       0x72 ./Middlewares/Third_Party/FatFs/src/ff.o
                0x0800da80                f_puts
 *fill*         0x0800daf2        0x2 
 .text.FATFS_LinkDriverEx
                0x0800daf4       0x94 ./Middlewares/Third_Party/FatFs/src/ff_gen_drv.o
                0x0800daf4                FATFS_LinkDriverEx
 .text.FATFS_LinkDriver
                0x0800db88       0x1e ./Middlewares/Third_Party/FatFs/src/ff_gen_drv.o
                0x0800db88                FATFS_LinkDriver
 *fill*         0x0800dba6        0x2 
 .text.SD_initialize
                0x0800dba8       0x3c ./Middlewares/Third_Party/FatFs/src/drivers/sd_diskio.o
                0x0800dba8                SD_initialize
 .text.SD_status
                0x0800dbe4       0x3c ./Middlewares/Third_Party/FatFs/src/drivers/sd_diskio.o
                0x0800dbe4                SD_status
 .text.SD_read  0x0800dc20       0x5c ./Middlewares/Third_Party/FatFs/src/drivers/sd_diskio.o
                0x0800dc20                SD_read
 .text.SD_write
                0x0800dc7c       0x5c ./Middlewares/Third_Party/FatFs/src/drivers/sd_diskio.o
                0x0800dc7c                SD_write
 .text.SD_ioctl
                0x0800dcd8       0xac ./Middlewares/Third_Party/FatFs/src/drivers/sd_diskio.o
                0x0800dcd8                SD_ioctl
 .text.ff_convert
                0x0800dd84       0x74 ./Middlewares/Third_Party/FatFs/src/option/ccsbcs.o
                0x0800dd84                ff_convert
 .text.ff_wtoupper
                0x0800ddf8       0x5c ./Middlewares/Third_Party/FatFs/src/option/ccsbcs.o
                0x0800ddf8                ff_wtoupper
 .text.MX_USB_DEVICE_Init
                0x0800de54       0x60 ./USB_DEVICE/App/usb_device.o
                0x0800de54                MX_USB_DEVICE_Init
 .text.CDC_Init_FS
                0x0800deb4       0x28 ./USB_DEVICE/App/usbd_cdc_if.o
 .text.CDC_DeInit_FS
                0x0800dedc        0xe ./USB_DEVICE/App/usbd_cdc_if.o
 *fill*         0x0800deea        0x2 
 .text.CDC_Control_FS
                0x0800deec       0xbc ./USB_DEVICE/App/usbd_cdc_if.o
 .text.CDC_Receive_FS
                0x0800dfa8       0x28 ./USB_DEVICE/App/usbd_cdc_if.o
 .text.CDC_Transmit_FS
                0x0800dfd0       0x4c ./USB_DEVICE/App/usbd_cdc_if.o
                0x0800dfd0                CDC_Transmit_FS
 .text.USBD_FS_DeviceDescriptor
                0x0800e01c       0x24 ./USB_DEVICE/App/usbd_desc.o
                0x0800e01c                USBD_FS_DeviceDescriptor
 .text.USBD_FS_LangIDStrDescriptor
                0x0800e040       0x24 ./USB_DEVICE/App/usbd_desc.o
                0x0800e040                USBD_FS_LangIDStrDescriptor
 .text.USBD_FS_ProductStrDescriptor
                0x0800e064       0x3c ./USB_DEVICE/App/usbd_desc.o
                0x0800e064                USBD_FS_ProductStrDescriptor
 .text.USBD_FS_ManufacturerStrDescriptor
                0x0800e0a0       0x28 ./USB_DEVICE/App/usbd_desc.o
                0x0800e0a0                USBD_FS_ManufacturerStrDescriptor
 .text.USBD_FS_SerialStrDescriptor
                0x0800e0c8       0x24 ./USB_DEVICE/App/usbd_desc.o
                0x0800e0c8                USBD_FS_SerialStrDescriptor
 .text.USBD_FS_ConfigStrDescriptor
                0x0800e0ec       0x3c ./USB_DEVICE/App/usbd_desc.o
                0x0800e0ec                USBD_FS_ConfigStrDescriptor
 .text.USBD_FS_InterfaceStrDescriptor
                0x0800e128       0x3c ./USB_DEVICE/App/usbd_desc.o
                0x0800e128                USBD_FS_InterfaceStrDescriptor
 .text.Get_SerialNum
                0x0800e164       0x58 ./USB_DEVICE/App/usbd_desc.o
 .text.IntToUnicode
                0x0800e1bc       0x7c ./USB_DEVICE/App/usbd_desc.o
 .text.HAL_PCD_MspInit
                0x0800e238       0x4c ./USB_DEVICE/Target/usbd_conf.o
                0x0800e238                HAL_PCD_MspInit
 .text.HAL_PCD_SetupStageCallback
                0x0800e284       0x24 ./USB_DEVICE/Target/usbd_conf.o
                0x0800e284                HAL_PCD_SetupStageCallback
 .text.HAL_PCD_DataOutStageCallback
                0x0800e2a8       0x36 ./USB_DEVICE/Target/usbd_conf.o
                0x0800e2a8                HAL_PCD_DataOutStageCallback
 .text.HAL_PCD_DataInStageCallback
                0x0800e2de       0x34 ./USB_DEVICE/Target/usbd_conf.o
                0x0800e2de                HAL_PCD_DataInStageCallback
 .text.HAL_PCD_SOFCallback
                0x0800e312       0x1c ./USB_DEVICE/Target/usbd_conf.o
                0x0800e312                HAL_PCD_SOFCallback
 .text.HAL_PCD_ResetCallback
                0x0800e32e       0x3c ./USB_DEVICE/Target/usbd_conf.o
                0x0800e32e                HAL_PCD_ResetCallback
 *fill*         0x0800e36a        0x2 
 .text.HAL_PCD_SuspendCallback
                0x0800e36c       0x34 ./USB_DEVICE/Target/usbd_conf.o
                0x0800e36c                HAL_PCD_SuspendCallback
 .text.HAL_PCD_ResumeCallback
                0x0800e3a0       0x1c ./USB_DEVICE/Target/usbd_conf.o
                0x0800e3a0                HAL_PCD_ResumeCallback
 .text.USBD_LL_Init
                0x0800e3bc       0xb4 ./USB_DEVICE/Target/usbd_conf.o
                0x0800e3bc                USBD_LL_Init
 .text.USBD_LL_Start
                0x0800e470       0x36 ./USB_DEVICE/Target/usbd_conf.o
                0x0800e470                USBD_LL_Start
 .text.USBD_LL_OpenEP
                0x0800e4a6       0x4c ./USB_DEVICE/Target/usbd_conf.o
                0x0800e4a6                USBD_LL_OpenEP
 .text.USBD_LL_CloseEP
                0x0800e4f2       0x3e ./USB_DEVICE/Target/usbd_conf.o
                0x0800e4f2                USBD_LL_CloseEP
 .text.USBD_LL_StallEP
                0x0800e530       0x3e ./USB_DEVICE/Target/usbd_conf.o
                0x0800e530                USBD_LL_StallEP
 .text.USBD_LL_ClearStallEP
                0x0800e56e       0x3e ./USB_DEVICE/Target/usbd_conf.o
                0x0800e56e                USBD_LL_ClearStallEP
 .text.USBD_LL_IsStallEP
                0x0800e5ac       0x58 ./USB_DEVICE/Target/usbd_conf.o
                0x0800e5ac                USBD_LL_IsStallEP
 .text.USBD_LL_SetUSBAddress
                0x0800e604       0x3e ./USB_DEVICE/Target/usbd_conf.o
                0x0800e604                USBD_LL_SetUSBAddress
 .text.USBD_LL_Transmit
                0x0800e642       0x46 ./USB_DEVICE/Target/usbd_conf.o
                0x0800e642                USBD_LL_Transmit
 .text.USBD_LL_PrepareReceive
                0x0800e688       0x46 ./USB_DEVICE/Target/usbd_conf.o
                0x0800e688                USBD_LL_PrepareReceive
 .text.USBD_LL_GetRxDataSize
                0x0800e6ce       0x26 ./USB_DEVICE/Target/usbd_conf.o
                0x0800e6ce                USBD_LL_GetRxDataSize
 .text.USBD_static_malloc
                0x0800e6f4       0x18 ./USB_DEVICE/Target/usbd_conf.o
                0x0800e6f4                USBD_static_malloc
 .text.USBD_static_free
                0x0800e70c       0x12 ./USB_DEVICE/Target/usbd_conf.o
                0x0800e70c                USBD_static_free
 .text.HAL_PCDEx_SetConnectionState
                0x0800e71e       0x16 ./USB_DEVICE/Target/usbd_conf.o
                0x0800e71e                HAL_PCDEx_SetConnectionState
 .text.USBD_Get_USB_Status
                0x0800e734       0x58 ./USB_DEVICE/Target/usbd_conf.o
 .text.sprintf  0x0800e78c       0x40 C:/ST/STM32CubeIDE_1.16.0/STM32CubeIDE/plugins/com.st.stm32cube.ide.mcu.externaltools.gnu-tools-for-stm32.12.3.rel1.win32_1.0.200.202406191623/tools/bin/../lib/gcc/arm-none-eabi/12.3.1/../../../../arm-none-eabi/lib/thumb/v7-m/nofp\libc_nano.a(libc_a-sprintf.o)
                0x0800e78c                siprintf
                0x0800e78c                sprintf
 .text.memset   0x0800e7cc       0x10 C:/ST/STM32CubeIDE_1.16.0/STM32CubeIDE/plugins/com.st.stm32cube.ide.mcu.externaltools.gnu-tools-for-stm32.12.3.rel1.win32_1.0.200.202406191623/tools/bin/../lib/gcc/arm-none-eabi/12.3.1/../../../../arm-none-eabi/lib/thumb/v7-m/nofp\libc_nano.a(libc_a-memset.o)
                0x0800e7cc                memset
 .text.__errno  0x0800e7dc        0xc C:/ST/STM32CubeIDE_1.16.0/STM32CubeIDE/plugins/com.st.stm32cube.ide.mcu.externaltools.gnu-tools-for-stm32.12.3.rel1.win32_1.0.200.202406191623/tools/bin/../lib/gcc/arm-none-eabi/12.3.1/../../../../arm-none-eabi/lib/thumb/v7-m/nofp\libc_nano.a(libc_a-errno.o)
                0x0800e7dc                __errno
 .text.__libc_init_array
                0x0800e7e8       0x48 C:/ST/STM32CubeIDE_1.16.0/STM32CubeIDE/plugins/com.st.stm32cube.ide.mcu.externaltools.gnu-tools-for-stm32.12.3.rel1.win32_1.0.200.202406191623/tools/bin/../lib/gcc/arm-none-eabi/12.3.1/../../../../arm-none-eabi/lib/thumb/v7-m/nofp\libc_nano.a(libc_a-init.o)
                0x0800e7e8                __libc_init_array
 .text.__retarget_lock_acquire_recursive
                0x0800e830        0x2 C:/ST/STM32CubeIDE_1.16.0/STM32CubeIDE/plugins/com.st.stm32cube.ide.mcu.externaltools.gnu-tools-for-stm32.12.3.rel1.win32_1.0.200.202406191623/tools/bin/../lib/gcc/arm-none-eabi/12.3.1/../../../../arm-none-eabi/lib/thumb/v7-m/nofp\libc_nano.a(libc_a-lock.o)
                0x0800e830                __retarget_lock_acquire_recursive
 .text.__retarget_lock_release_recursive
                0x0800e832        0x2 C:/ST/STM32CubeIDE_1.16.0/STM32CubeIDE/plugins/com.st.stm32cube.ide.mcu.externaltools.gnu-tools-for-stm32.12.3.rel1.win32_1.0.200.202406191623/tools/bin/../lib/gcc/arm-none-eabi/12.3.1/../../../../arm-none-eabi/lib/thumb/v7-m/nofp\libc_nano.a(libc_a-lock.o)
                0x0800e832                __retarget_lock_release_recursive
 .text._free_r  0x0800e834       0x90 C:/ST/STM32CubeIDE_1.16.0/STM32CubeIDE/plugins/com.st.stm32cube.ide.mcu.externaltools.gnu-tools-for-stm32.12.3.rel1.win32_1.0.200.202406191623/tools/bin/../lib/gcc/arm-none-eabi/12.3.1/../../../../arm-none-eabi/lib/thumb/v7-m/nofp\libc_nano.a(libc_a-freer.o)
                0x0800e834                _free_r
 .text.sbrk_aligned
                0x0800e8c4       0x44 C:/ST/STM32CubeIDE_1.16.0/STM32CubeIDE/plugins/com.st.stm32cube.ide.mcu.externaltools.gnu-tools-for-stm32.12.3.rel1.win32_1.0.200.202406191623/tools/bin/../lib/gcc/arm-none-eabi/12.3.1/../../../../arm-none-eabi/lib/thumb/v7-m/nofp\libc_nano.a(libc_a-mallocr.o)
 .text._malloc_r
                0x0800e908      0x100 C:/ST/STM32CubeIDE_1.16.0/STM32CubeIDE/plugins/com.st.stm32cube.ide.mcu.externaltools.gnu-tools-for-stm32.12.3.rel1.win32_1.0.200.202406191623/tools/bin/../lib/gcc/arm-none-eabi/12.3.1/../../../../arm-none-eabi/lib/thumb/v7-m/nofp\libc_nano.a(libc_a-mallocr.o)
                0x0800e908                _malloc_r
 .text.__malloc_lock
                0x0800ea08        0xc C:/ST/STM32CubeIDE_1.16.0/STM32CubeIDE/plugins/com.st.stm32cube.ide.mcu.externaltools.gnu-tools-for-stm32.12.3.rel1.win32_1.0.200.202406191623/tools/bin/../lib/gcc/arm-none-eabi/12.3.1/../../../../arm-none-eabi/lib/thumb/v7-m/nofp\libc_nano.a(libc_a-mlock.o)
                0x0800ea08                __malloc_lock
 .text.__malloc_unlock
                0x0800ea14        0xc C:/ST/STM32CubeIDE_1.16.0/STM32CubeIDE/plugins/com.st.stm32cube.ide.mcu.externaltools.gnu-tools-for-stm32.12.3.rel1.win32_1.0.200.202406191623/tools/bin/../lib/gcc/arm-none-eabi/12.3.1/../../../../arm-none-eabi/lib/thumb/v7-m/nofp\libc_nano.a(libc_a-mlock.o)
                0x0800ea14                __malloc_unlock
 .text.__ssputs_r
                0x0800ea20       0xb6 C:/ST/STM32CubeIDE_1.16.0/STM32CubeIDE/plugins/com.st.stm32cube.ide.mcu.externaltools.gnu-tools-for-stm32.12.3.rel1.win32_1.0.200.202406191623/tools/bin/../lib/gcc/arm-none-eabi/12.3.1/../../../../arm-none-eabi/lib/thumb/v7-m/nofp\libc_nano.a(libc_a-nano-svfprintf.o)
                0x0800ea20                __ssputs_r
 *fill*         0x0800ead6        0x2 
 .text._svfprintf_r
                0x0800ead8      0x1f8 C:/ST/STM32CubeIDE_1.16.0/STM32CubeIDE/plugins/com.st.stm32cube.ide.mcu.externaltools.gnu-tools-for-stm32.12.3.rel1.win32_1.0.200.202406191623/tools/bin/../lib/gcc/arm-none-eabi/12.3.1/../../../../arm-none-eabi/lib/thumb/v7-m/nofp\libc_nano.a(libc_a-nano-svfprintf.o)
                0x0800ead8                _svfiprintf_r
                0x0800ead8                _svfprintf_r
 .text._printf_common
                0x0800ecd0       0xe4 C:/ST/STM32CubeIDE_1.16.0/STM32CubeIDE/plugins/com.st.stm32cube.ide.mcu.externaltools.gnu-tools-for-stm32.12.3.rel1.win32_1.0.200.202406191623/tools/bin/../lib/gcc/arm-none-eabi/12.3.1/../../../../arm-none-eabi/lib/thumb/v7-m/nofp\libc_nano.a(libc_a-nano-vfprintf_i.o)
                0x0800ecd0                _printf_common
 .text._printf_i
                0x0800edb4      0x240 C:/ST/STM32CubeIDE_1.16.0/STM32CubeIDE/plugins/com.st.stm32cube.ide.mcu.externaltools.gnu-tools-for-stm32.12.3.rel1.win32_1.0.200.202406191623/tools/bin/../lib/gcc/arm-none-eabi/12.3.1/../../../../arm-none-eabi/lib/thumb/v7-m/nofp\libc_nano.a(libc_a-nano-vfprintf_i.o)
                0x0800edb4                _printf_i
 .text.memmove  0x0800eff4       0x34 C:/ST/STM32CubeIDE_1.16.0/STM32CubeIDE/plugins/com.st.stm32cube.ide.mcu.externaltools.gnu-tools-for-stm32.12.3.rel1.win32_1.0.200.202406191623/tools/bin/../lib/gcc/arm-none-eabi/12.3.1/../../../../arm-none-eabi/lib/thumb/v7-m/nofp\libc_nano.a(libc_a-memmove.o)
                0x0800eff4                memmove
 .text._sbrk_r  0x0800f028       0x20 C:/ST/STM32CubeIDE_1.16.0/STM32CubeIDE/plugins/com.st.stm32cube.ide.mcu.externaltools.gnu-tools-for-stm32.12.3.rel1.win32_1.0.200.202406191623/tools/bin/../lib/gcc/arm-none-eabi/12.3.1/../../../../arm-none-eabi/lib/thumb/v7-m/nofp\libc_nano.a(libc_a-sbrkr.o)
                0x0800f028                _sbrk_r
 .text.memchr   0x0800f048       0x1c C:/ST/STM32CubeIDE_1.16.0/STM32CubeIDE/plugins/com.st.stm32cube.ide.mcu.externaltools.gnu-tools-for-stm32.12.3.rel1.win32_1.0.200.202406191623/tools/bin/../lib/gcc/arm-none-eabi/12.3.1/../../../../arm-none-eabi/lib/thumb/v7-m/nofp\libc_nano.a(libc_a-memchr-stub.o)
                0x0800f048                memchr
 .text.memcpy   0x0800f064       0x1c C:/ST/STM32CubeIDE_1.16.0/STM32CubeIDE/plugins/com.st.stm32cube.ide.mcu.externaltools.gnu-tools-for-stm32.12.3.rel1.win32_1.0.200.202406191623/tools/bin/../lib/gcc/arm-none-eabi/12.3.1/../../../../arm-none-eabi/lib/thumb/v7-m/nofp\libc_nano.a(libc_a-memcpy-stub.o)
                0x0800f064                memcpy
 .text._realloc_r
                0x0800f080       0x5c C:/ST/STM32CubeIDE_1.16.0/STM32CubeIDE/plugins/com.st.stm32cube.ide.mcu.externaltools.gnu-tools-for-stm32.12.3.rel1.win32_1.0.200.202406191623/tools/bin/../lib/gcc/arm-none-eabi/12.3.1/../../../../arm-none-eabi/lib/thumb/v7-m/nofp\libc_nano.a(libc_a-reallocr.o)
                0x0800f080                _realloc_r
 .text._malloc_usable_size_r
                0x0800f0dc       0x10 C:/ST/STM32CubeIDE_1.16.0/STM32CubeIDE/plugins/com.st.stm32cube.ide.mcu.externaltools.gnu-tools-for-stm32.12.3.rel1.win32_1.0.200.202406191623/tools/bin/../lib/gcc/arm-none-eabi/12.3.1/../../../../arm-none-eabi/lib/thumb/v7-m/nofp\libc_nano.a(libc_a-msizer.o)
                0x0800f0dc                _malloc_usable_size_r
 *(.glue_7)
 .glue_7        0x0800f0ec        0x0 linker stubs
 *(.glue_7t)
 .glue_7t       0x0800f0ec        0x0 linker stubs
 *(.eh_frame)
 .eh_frame      0x0800f0ec        0x0 C:/ST/STM32CubeIDE_1.16.0/STM32CubeIDE/plugins/com.st.stm32cube.ide.mcu.externaltools.gnu-tools-for-stm32.12.3.rel1.win32_1.0.200.202406191623/tools/bin/../lib/gcc/arm-none-eabi/12.3.1/thumb/v7-m/nofp/crtbegin.o
 *(.init)
 .init          0x0800f0ec        0x4 C:/ST/STM32CubeIDE_1.16.0/STM32CubeIDE/plugins/com.st.stm32cube.ide.mcu.externaltools.gnu-tools-for-stm32.12.3.rel1.win32_1.0.200.202406191623/tools/bin/../lib/gcc/arm-none-eabi/12.3.1/thumb/v7-m/nofp/crti.o
                0x0800f0ec                _init
 .init          0x0800f0f0        0x8 C:/ST/STM32CubeIDE_1.16.0/STM32CubeIDE/plugins/com.st.stm32cube.ide.mcu.externaltools.gnu-tools-for-stm32.12.3.rel1.win32_1.0.200.202406191623/tools/bin/../lib/gcc/arm-none-eabi/12.3.1/thumb/v7-m/nofp/crtn.o
 *(.fini)
 .fini          0x0800f0f8        0x4 C:/ST/STM32CubeIDE_1.16.0/STM32CubeIDE/plugins/com.st.stm32cube.ide.mcu.externaltools.gnu-tools-for-stm32.12.3.rel1.win32_1.0.200.202406191623/tools/bin/../lib/gcc/arm-none-eabi/12.3.1/thumb/v7-m/nofp/crti.o
                0x0800f0f8                _fini
 .fini          0x0800f0fc        0x8 C:/ST/STM32CubeIDE_1.16.0/STM32CubeIDE/plugins/com.st.stm32cube.ide.mcu.externaltools.gnu-tools-for-stm32.12.3.rel1.win32_1.0.200.202406191623/tools/bin/../lib/gcc/arm-none-eabi/12.3.1/thumb/v7-m/nofp/crtn.o
                0x0800f104                        . = ALIGN (0x4)
                0x0800f104                        _etext = .

.vfp11_veneer   0x0800f104        0x0
 .vfp11_veneer  0x0800f104        0x0 linker stubs

.v4_bx          0x0800f104        0x0
 .v4_bx         0x0800f104        0x0 linker stubs

.iplt           0x0800f104        0x0
 .iplt          0x0800f104        0x0 C:/ST/STM32CubeIDE_1.16.0/STM32CubeIDE/plugins/com.st.stm32cube.ide.mcu.externaltools.gnu-tools-for-stm32.12.3.rel1.win32_1.0.200.202406191623/tools/bin/../lib/gcc/arm-none-eabi/12.3.1/thumb/v7-m/nofp/crtbegin.o

.rodata         0x0800f104      0x9ac
                0x0800f104                        . = ALIGN (0x4)
 *(.rodata)
 .rodata        0x0800f104      0x35e ./Core/Src/main.o
 *fill*         0x0800f462        0x2 
 .rodata        0x0800f464       0x48 ./Middlewares/Third_Party/FatFs/src/ff.o
 .rodata        0x0800f4ac       0x46 ./USB_DEVICE/App/usbd_desc.o
 *(.rodata*)
 *fill*         0x0800f4f2        0x2 
 .rodata.AHBPrescTable
                0x0800f4f4       0x10 ./Core/Src/system_stm32f1xx.o
                0x0800f4f4                AHBPrescTable
 .rodata.aPLLMULFactorTable.1
                0x0800f504       0x10 ./Drivers/STM32F1xx_HAL_Driver/Src/stm32f1xx_hal_rcc.o
 .rodata.aPredivFactorTable.0
                0x0800f514        0x2 ./Drivers/STM32F1xx_HAL_Driver/Src/stm32f1xx_hal_rcc.o
 *fill*         0x0800f516        0x2 
 .rodata.ExCvt  0x0800f518       0x80 ./Middlewares/Third_Party/FatFs/src/ff.o
 .rodata.LfnOfs
                0x0800f598        0xd ./Middlewares/Third_Party/FatFs/src/ff.o
 *fill*         0x0800f5a5        0x3 
 .rodata.SD_Driver
                0x0800f5a8       0x14 ./Middlewares/Third_Party/FatFs/src/drivers/sd_diskio.o
                0x0800f5a8                SD_Driver
 .rodata.Tbl    0x0800f5bc      0x100 ./Middlewares/Third_Party/FatFs/src/option/ccsbcs.o
 .rodata.tbl_lower.1
                0x0800f6bc      0x1e0 ./Middlewares/Third_Party/FatFs/src/option/ccsbcs.o
 .rodata.tbl_upper.0
                0x0800f89c      0x1e0 ./Middlewares/Third_Party/FatFs/src/option/ccsbcs.o
 .rodata._svfprintf_r.str1.1
                0x0800fa7c       0x11 C:/ST/STM32CubeIDE_1.16.0/STM32CubeIDE/plugins/com.st.stm32cube.ide.mcu.externaltools.gnu-tools-for-stm32.12.3.rel1.win32_1.0.200.202406191623/tools/bin/../lib/gcc/arm-none-eabi/12.3.1/../../../../arm-none-eabi/lib/thumb/v7-m/nofp\libc_nano.a(libc_a-nano-svfprintf.o)
 .rodata._printf_i.str1.1
                0x0800fa8d       0x22 C:/ST/STM32CubeIDE_1.16.0/STM32CubeIDE/plugins/com.st.stm32cube.ide.mcu.externaltools.gnu-tools-for-stm32.12.3.rel1.win32_1.0.200.202406191623/tools/bin/../lib/gcc/arm-none-eabi/12.3.1/../../../../arm-none-eabi/lib/thumb/v7-m/nofp\libc_nano.a(libc_a-nano-vfprintf_i.o)
                0x0800fab0                        . = ALIGN (0x4)
 *fill*         0x0800faaf        0x1 

.ARM.extab      0x0800fab0        0x0
                0x0800fab0                        . = ALIGN (0x4)
 *(.ARM.extab* .gnu.linkonce.armextab.*)
                0x0800fab0                        . = ALIGN (0x4)

.ARM            0x0800fab0        0x8
                0x0800fab0                        . = ALIGN (0x4)
                0x0800fab0                        __exidx_start = .
 *(.ARM.exidx*)
 .ARM.exidx     0x0800fab0        0x8 C:/ST/STM32CubeIDE_1.16.0/STM32CubeIDE/plugins/com.st.stm32cube.ide.mcu.externaltools.gnu-tools-for-stm32.12.3.rel1.win32_1.0.200.202406191623/tools/bin/../lib/gcc/arm-none-eabi/12.3.1/../../../../arm-none-eabi/lib/thumb/v7-m/nofp\libc_nano.a(libc_a-strlen.o)
                0x0800fab8                        __exidx_end = .
                0x0800fab8                        . = ALIGN (0x4)

.rel.dyn        0x0800fab8        0x0
 .rel.iplt      0x0800fab8        0x0 C:/ST/STM32CubeIDE_1.16.0/STM32CubeIDE/plugins/com.st.stm32cube.ide.mcu.externaltools.gnu-tools-for-stm32.12.3.rel1.win32_1.0.200.202406191623/tools/bin/../lib/gcc/arm-none-eabi/12.3.1/thumb/v7-m/nofp/crtbegin.o

.preinit_array  0x0800fab8        0x0
                0x0800fab8                        . = ALIGN (0x4)
                0x0800fab8                        PROVIDE (__preinit_array_start = .)
 *(.preinit_array*)
                0x0800fab8                        PROVIDE (__preinit_array_end = .)
                0x0800fab8                        . = ALIGN (0x4)

.init_array     0x0800fab8        0x4
                0x0800fab8                        . = ALIGN (0x4)
                0x0800fab8                        PROVIDE (__init_array_start = .)
 *(SORT_BY_NAME(.init_array.*))
 *(.init_array*)
 .init_array    0x0800fab8        0x4 C:/ST/STM32CubeIDE_1.16.0/STM32CubeIDE/plugins/com.st.stm32cube.ide.mcu.externaltools.gnu-tools-for-stm32.12.3.rel1.win32_1.0.200.202406191623/tools/bin/../lib/gcc/arm-none-eabi/12.3.1/thumb/v7-m/nofp/crtbegin.o
                0x0800fabc                        PROVIDE (__init_array_end = .)
                0x0800fabc                        . = ALIGN (0x4)

.fini_array     0x0800fabc        0x4
                0x0800fabc                        . = ALIGN (0x4)
                [!provide]                        PROVIDE (__fini_array_start = .)
 *(SORT_BY_NAME(.fini_array.*))
 *(.fini_array*)
 .fini_array    0x0800fabc        0x4 C:/ST/STM32CubeIDE_1.16.0/STM32CubeIDE/plugins/com.st.stm32cube.ide.mcu.externaltools.gnu-tools-for-stm32.12.3.rel1.win32_1.0.200.202406191623/tools/bin/../lib/gcc/arm-none-eabi/12.3.1/thumb/v7-m/nofp/crtbegin.o
                [!provide]                        PROVIDE (__fini_array_end = .)
                0x0800fac0                        . = ALIGN (0x4)
                0x0800fac0                        _sidata = LOADADDR (.data)

.data           0x20000000      0x1cc load address 0x0800fac0
                0x20000000                        . = ALIGN (0x4)
                0x20000000                        _sdata = .
 *(.data)
 *(.data*)
 .data.SystemCoreClock
                0x20000000        0x4 ./Core/Src/system_stm32f1xx.o
                0x20000000                SystemCoreClock
 .data.uwTickPrio
                0x20000004        0x4 ./Drivers/STM32F1xx_HAL_Driver/Src/stm32f1xx_hal.o
                0x20000004                uwTickPrio
 .data.uwTickFreq
                0x20000008        0x1 ./Drivers/STM32F1xx_HAL_Driver/Src/stm32f1xx_hal.o
                0x20000008                uwTickFreq
 *fill*         0x20000009        0x3 
 .data.USBD_CDC_DeviceQualifierDesc
                0x2000000c        0xa ./Middlewares/ST/STM32_USB_Device_Library/Class/CDC/Src/usbd_cdc.o
 *fill*         0x20000016        0x2 
 .data.USBD_CDC
                0x20000018       0x38 ./Middlewares/ST/STM32_USB_Device_Library/Class/CDC/Src/usbd_cdc.o
                0x20000018                USBD_CDC
 .data.USBD_CDC_CfgHSDesc
                0x20000050       0x43 ./Middlewares/ST/STM32_USB_Device_Library/Class/CDC/Src/usbd_cdc.o
                0x20000050                USBD_CDC_CfgHSDesc
 *fill*         0x20000093        0x1 
 .data.USBD_CDC_CfgFSDesc
                0x20000094       0x43 ./Middlewares/ST/STM32_USB_Device_Library/Class/CDC/Src/usbd_cdc.o
                0x20000094                USBD_CDC_CfgFSDesc
 *fill*         0x200000d7        0x1 
 .data.USBD_CDC_OtherSpeedCfgDesc
                0x200000d8       0x43 ./Middlewares/ST/STM32_USB_Device_Library/Class/CDC/Src/usbd_cdc.o
                0x200000d8                USBD_CDC_OtherSpeedCfgDesc
 .data.Stat     0x2000011b        0x1 ./Middlewares/Third_Party/FatFs/src/drivers/sd_diskio.o
 .data.USBD_Interface_fops_FS
                0x2000011c       0x10 ./USB_DEVICE/App/usbd_cdc_if.o
                0x2000011c                USBD_Interface_fops_FS
 .data.FS_Desc  0x2000012c       0x1c ./USB_DEVICE/App/usbd_desc.o
                0x2000012c                FS_Desc
 .data.USBD_FS_DeviceDesc
                0x20000148       0x12 ./USB_DEVICE/App/usbd_desc.o
                0x20000148                USBD_FS_DeviceDesc
 *fill*         0x2000015a        0x2 
 .data.USBD_LangIDDesc
                0x2000015c        0x4 ./USB_DEVICE/App/usbd_desc.o
                0x2000015c                USBD_LangIDDesc
 .data.USBD_StringSerial
                0x20000160       0x1a ./USB_DEVICE/App/usbd_desc.o
                0x20000160                USBD_StringSerial
 *fill*         0x2000017a        0x2 
 .data._impure_ptr
                0x2000017c        0x4 C:/ST/STM32CubeIDE_1.16.0/STM32CubeIDE/plugins/com.st.stm32cube.ide.mcu.externaltools.gnu-tools-for-stm32.12.3.rel1.win32_1.0.200.202406191623/tools/bin/../lib/gcc/arm-none-eabi/12.3.1/../../../../arm-none-eabi/lib/thumb/v7-m/nofp\libc_nano.a(libc_a-impure.o)
                0x2000017c                _impure_ptr
 .data._impure_data
                0x20000180       0x4c C:/ST/STM32CubeIDE_1.16.0/STM32CubeIDE/plugins/com.st.stm32cube.ide.mcu.externaltools.gnu-tools-for-stm32.12.3.rel1.win32_1.0.200.202406191623/tools/bin/../lib/gcc/arm-none-eabi/12.3.1/../../../../arm-none-eabi/lib/thumb/v7-m/nofp\libc_nano.a(libc_a-impure.o)
                0x20000180                _impure_data
 *(.RamFunc)
 *(.RamFunc*)
                0x200001cc                        . = ALIGN (0x4)
                0x200001cc                        _edata = .

.igot.plt       0x200001cc        0x0 load address 0x0800fc8c
 .igot.plt      0x200001cc        0x0 C:/ST/STM32CubeIDE_1.16.0/STM32CubeIDE/plugins/com.st.stm32cube.ide.mcu.externaltools.gnu-tools-for-stm32.12.3.rel1.win32_1.0.200.202406191623/tools/bin/../lib/gcc/arm-none-eabi/12.3.1/thumb/v7-m/nofp/crtbegin.o
                0x200001cc                        . = ALIGN (0x4)

.bss            0x200001cc     0x16f8 load address 0x0800fc8c
                0x200001cc                        _sbss = .
                0x200001cc                        __bss_start__ = _sbss
 *(.bss)
 .bss           0x200001cc       0x1c C:/ST/STM32CubeIDE_1.16.0/STM32CubeIDE/plugins/com.st.stm32cube.ide.mcu.externaltools.gnu-tools-for-stm32.12.3.rel1.win32_1.0.200.202406191623/tools/bin/../lib/gcc/arm-none-eabi/12.3.1/thumb/v7-m/nofp/crtbegin.o
 *(.bss*)
 .bss.TxBuffer  0x200001e8       0xfa ./Core/Src/main.o
                0x200001e8                TxBuffer
 *fill*         0x200002e2        0x2 
 .bss.hsd       0x200002e4       0x84 ./Core/Src/sdio.o
                0x200002e4                hsd
 .bss.__sbrk_heap_end
                0x20000368        0x4 ./Core/Src/sysmem.o
 .bss.uwTick    0x2000036c        0x4 ./Drivers/STM32F1xx_HAL_Driver/Src/stm32f1xx_hal.o
                0x2000036c                uwTick
 .bss.retSD     0x20000370        0x1 ./FATFS/App/fatfs.o
                0x20000370                retSD
 *fill*         0x20000371        0x3 
 .bss.SDPath    0x20000374        0x4 ./FATFS/App/fatfs.o
                0x20000374                SDPath
 .bss.cfgidx.0  0x20000378        0x1 ./Middlewares/ST/STM32_USB_Device_Library/Core/Src/usbd_ctlreq.o
 *fill*         0x20000379        0x3 
 .bss.FatFs     0x2000037c        0x4 ./Middlewares/Third_Party/FatFs/src/ff.o
 .bss.Fsid      0x20000380        0x2 ./Middlewares/Third_Party/FatFs/src/ff.o
 *fill*         0x20000382        0x2 
 .bss.Files     0x20000384       0x18 ./Middlewares/Third_Party/FatFs/src/ff.o
 .bss.LfnBuf    0x2000039c      0x200 ./Middlewares/Third_Party/FatFs/src/ff.o
 .bss.disk      0x2000059c        0xc ./Middlewares/Third_Party/FatFs/src/ff_gen_drv.o
                0x2000059c                disk
 .bss.hUsbDeviceFS
                0x200005a8      0x2c4 ./USB_DEVICE/App/usb_device.o
                0x200005a8                hUsbDeviceFS
 .bss.UserRxBufferFS
                0x2000086c      0x400 ./USB_DEVICE/App/usbd_cdc_if.o
                0x2000086c                UserRxBufferFS
 .bss.UserTxBufferFS
                0x20000c6c      0x400 ./USB_DEVICE/App/usbd_cdc_if.o
                0x20000c6c                UserTxBufferFS
 .bss.USBD_StrDesc
                0x2000106c      0x200 ./USB_DEVICE/App/usbd_desc.o
                0x2000106c                USBD_StrDesc
 .bss.hpcd_USB_FS
                0x2000126c      0x2f0 ./USB_DEVICE/Target/usbd_conf.o
                0x2000126c                hpcd_USB_FS
 .bss.mem.0     0x2000155c      0x220 ./USB_DEVICE/Target/usbd_conf.o
 .bss.__sf      0x2000177c      0x138 C:/ST/STM32CubeIDE_1.16.0/STM32CubeIDE/plugins/com.st.stm32cube.ide.mcu.externaltools.gnu-tools-for-stm32.12.3.rel1.win32_1.0.200.202406191623/tools/bin/../lib/gcc/arm-none-eabi/12.3.1/../../../../arm-none-eabi/lib/thumb/v7-m/nofp\libc_nano.a(libc_a-findfp.o)
                0x2000177c                __sf
 .bss.errno     0x200018b4        0x4 C:/ST/STM32CubeIDE_1.16.0/STM32CubeIDE/plugins/com.st.stm32cube.ide.mcu.externaltools.gnu-tools-for-stm32.12.3.rel1.win32_1.0.200.202406191623/tools/bin/../lib/gcc/arm-none-eabi/12.3.1/../../../../arm-none-eabi/lib/thumb/v7-m/nofp\libc_nano.a(libc_a-reent.o)
                0x200018b4                errno
 .bss.__lock___malloc_recursive_mutex
                0x200018b8        0x1 C:/ST/STM32CubeIDE_1.16.0/STM32CubeIDE/plugins/com.st.stm32cube.ide.mcu.externaltools.gnu-tools-for-stm32.12.3.rel1.win32_1.0.200.202406191623/tools/bin/../lib/gcc/arm-none-eabi/12.3.1/../../../../arm-none-eabi/lib/thumb/v7-m/nofp\libc_nano.a(libc_a-lock.o)
                0x200018b8                __lock___malloc_recursive_mutex
 *fill*         0x200018b9        0x3 
 .bss.__malloc_sbrk_start
                0x200018bc        0x4 C:/ST/STM32CubeIDE_1.16.0/STM32CubeIDE/plugins/com.st.stm32cube.ide.mcu.externaltools.gnu-tools-for-stm32.12.3.rel1.win32_1.0.200.202406191623/tools/bin/../lib/gcc/arm-none-eabi/12.3.1/../../../../arm-none-eabi/lib/thumb/v7-m/nofp\libc_nano.a(libc_a-mallocr.o)
                0x200018bc                __malloc_sbrk_start
 .bss.__malloc_free_list
                0x200018c0        0x4 C:/ST/STM32CubeIDE_1.16.0/STM32CubeIDE/plugins/com.st.stm32cube.ide.mcu.externaltools.gnu-tools-for-stm32.12.3.rel1.win32_1.0.200.202406191623/tools/bin/../lib/gcc/arm-none-eabi/12.3.1/../../../../arm-none-eabi/lib/thumb/v7-m/nofp\libc_nano.a(libc_a-mallocr.o)
                0x200018c0                __malloc_free_list
 *(COMMON)
                0x200018c4                        . = ALIGN (0x4)
                0x200018c4                        _ebss = .
                0x200018c4                        __bss_end__ = _ebss

._user_heap_stack
                0x200018c4      0x604 load address 0x0800fc8c
                0x200018c8                        . = ALIGN (0x8)
 *fill*         0x200018c4        0x4 
                [!provide]                        PROVIDE (end = .)
                0x200018c8                        PROVIDE (_end = .)
                0x20001ac8                        . = (. + _Min_Heap_Size)
 *fill*         0x200018c8      0x200 
                0x20001ec8                        . = (. + _Min_Stack_Size)
 *fill*         0x20001ac8      0x400 
                0x20001ec8                        . = ALIGN (0x8)

/DISCARD/
 libc.a(*)
 libm.a(*)
 libgcc.a(*)

.ARM.attributes
                0x00000000       0x29
 *(.ARM.attributes)
 .ARM.attributes
                0x00000000       0x1d C:/ST/STM32CubeIDE_1.16.0/STM32CubeIDE/plugins/com.st.stm32cube.ide.mcu.externaltools.gnu-tools-for-stm32.12.3.rel1.win32_1.0.200.202406191623/tools/bin/../lib/gcc/arm-none-eabi/12.3.1/thumb/v7-m/nofp/crti.o
 .ARM.attributes
                0x0000001d       0x2d C:/ST/STM32CubeIDE_1.16.0/STM32CubeIDE/plugins/com.st.stm32cube.ide.mcu.externaltools.gnu-tools-for-stm32.12.3.rel1.win32_1.0.200.202406191623/tools/bin/../lib/gcc/arm-none-eabi/12.3.1/thumb/v7-m/nofp/crtbegin.o
 .ARM.attributes
                0x0000004a       0x2d ./Core/Src/gpio.o
 .ARM.attributes
                0x00000077       0x2d ./Core/Src/main.o
 .ARM.attributes
                0x000000a4       0x2d ./Core/Src/sdio.o
 .ARM.attributes
                0x000000d1       0x2d ./Core/Src/stm32f1xx_hal_msp.o
 .ARM.attributes
                0x000000fe       0x2d ./Core/Src/stm32f1xx_it.o
 .ARM.attributes
                0x0000012b       0x2d ./Core/Src/sysmem.o
 .ARM.attributes
                0x00000158       0x2d ./Core/Src/system_stm32f1xx.o
 .ARM.attributes
                0x00000185       0x21 ./Core/Startup/startup_stm32f103rctx.o
 .ARM.attributes
                0x000001a6       0x2d ./Drivers/STM32F1xx_HAL_Driver/Src/stm32f1xx_hal.o
 .ARM.attributes
                0x000001d3       0x2d ./Drivers/STM32F1xx_HAL_Driver/Src/stm32f1xx_hal_cortex.o
 .ARM.attributes
                0x00000200       0x2d ./Drivers/STM32F1xx_HAL_Driver/Src/stm32f1xx_hal_gpio.o
 .ARM.attributes
                0x0000022d       0x2d ./Drivers/STM32F1xx_HAL_Driver/Src/stm32f1xx_hal_pcd.o
 .ARM.attributes
                0x0000025a       0x2d ./Drivers/STM32F1xx_HAL_Driver/Src/stm32f1xx_hal_pcd_ex.o
 .ARM.attributes
                0x00000287       0x2d ./Drivers/STM32F1xx_HAL_Driver/Src/stm32f1xx_hal_rcc.o
 .ARM.attributes
                0x000002b4       0x2d ./Drivers/STM32F1xx_HAL_Driver/Src/stm32f1xx_hal_rcc_ex.o
 .ARM.attributes
                0x000002e1       0x2d ./Drivers/STM32F1xx_HAL_Driver/Src/stm32f1xx_hal_sd.o
 .ARM.attributes
                0x0000030e       0x2d ./Drivers/STM32F1xx_HAL_Driver/Src/stm32f1xx_ll_sdmmc.o
 .ARM.attributes
                0x0000033b       0x2d ./Drivers/STM32F1xx_HAL_Driver/Src/stm32f1xx_ll_usb.o
 .ARM.attributes
                0x00000368       0x2d ./FATFS/App/fatfs.o
 .ARM.attributes
                0x00000395       0x2d ./FATFS/Target/bsp_driver_sd.o
 .ARM.attributes
                0x000003c2       0x2d ./Middlewares/ST/STM32_USB_Device_Library/Class/CDC/Src/usbd_cdc.o
 .ARM.attributes
                0x000003ef       0x2d ./Middlewares/ST/STM32_USB_Device_Library/Core/Src/usbd_core.o
 .ARM.attributes
                0x0000041c       0x2d ./Middlewares/ST/STM32_USB_Device_Library/Core/Src/usbd_ctlreq.o
 .ARM.attributes
                0x00000449       0x2d ./Middlewares/ST/STM32_USB_Device_Library/Core/Src/usbd_ioreq.o
 .ARM.attributes
                0x00000476       0x2d ./Middlewares/Third_Party/FatFs/src/diskio.o
 .ARM.attributes
                0x000004a3       0x2d ./Middlewares/Third_Party/FatFs/src/ff.o
 .ARM.attributes
                0x000004d0       0x2d ./Middlewares/Third_Party/FatFs/src/ff_gen_drv.o
 .ARM.attributes
                0x000004fd       0x2d ./Middlewares/Third_Party/FatFs/src/drivers/sd_diskio.o
 .ARM.attributes
                0x0000052a       0x2d ./Middlewares/Third_Party/FatFs/src/option/ccsbcs.o
 .ARM.attributes
                0x00000557       0x2d ./USB_DEVICE/App/usb_device.o
 .ARM.attributes
                0x00000584       0x2d ./USB_DEVICE/App/usbd_cdc_if.o
 .ARM.attributes
                0x000005b1       0x2d ./USB_DEVICE/App/usbd_desc.o
 .ARM.attributes
                0x000005de       0x2d ./USB_DEVICE/Target/usbd_conf.o
 .ARM.attributes
                0x0000060b       0x2d C:/ST/STM32CubeIDE_1.16.0/STM32CubeIDE/plugins/com.st.stm32cube.ide.mcu.externaltools.gnu-tools-for-stm32.12.3.rel1.win32_1.0.200.202406191623/tools/bin/../lib/gcc/arm-none-eabi/12.3.1/../../../../arm-none-eabi/lib/thumb/v7-m/nofp\libc_nano.a(libc_a-findfp.o)
 .ARM.attributes
                0x00000638       0x2d C:/ST/STM32CubeIDE_1.16.0/STM32CubeIDE/plugins/com.st.stm32cube.ide.mcu.externaltools.gnu-tools-for-stm32.12.3.rel1.win32_1.0.200.202406191623/tools/bin/../lib/gcc/arm-none-eabi/12.3.1/../../../../arm-none-eabi/lib/thumb/v7-m/nofp\libc_nano.a(libc_a-sprintf.o)
 .ARM.attributes
                0x00000665       0x2d C:/ST/STM32CubeIDE_1.16.0/STM32CubeIDE/plugins/com.st.stm32cube.ide.mcu.externaltools.gnu-tools-for-stm32.12.3.rel1.win32_1.0.200.202406191623/tools/bin/../lib/gcc/arm-none-eabi/12.3.1/../../../../arm-none-eabi/lib/thumb/v7-m/nofp\libc_nano.a(libc_a-memset.o)
 .ARM.attributes
                0x00000692       0x2d C:/ST/STM32CubeIDE_1.16.0/STM32CubeIDE/plugins/com.st.stm32cube.ide.mcu.externaltools.gnu-tools-for-stm32.12.3.rel1.win32_1.0.200.202406191623/tools/bin/../lib/gcc/arm-none-eabi/12.3.1/../../../../arm-none-eabi/lib/thumb/v7-m/nofp\libc_nano.a(libc_a-reent.o)
 .ARM.attributes
                0x000006bf       0x2d C:/ST/STM32CubeIDE_1.16.0/STM32CubeIDE/plugins/com.st.stm32cube.ide.mcu.externaltools.gnu-tools-for-stm32.12.3.rel1.win32_1.0.200.202406191623/tools/bin/../lib/gcc/arm-none-eabi/12.3.1/../../../../arm-none-eabi/lib/thumb/v7-m/nofp\libc_nano.a(libc_a-impure.o)
 .ARM.attributes
                0x000006ec       0x2d C:/ST/STM32CubeIDE_1.16.0/STM32CubeIDE/plugins/com.st.stm32cube.ide.mcu.externaltools.gnu-tools-for-stm32.12.3.rel1.win32_1.0.200.202406191623/tools/bin/../lib/gcc/arm-none-eabi/12.3.1/../../../../arm-none-eabi/lib/thumb/v7-m/nofp\libc_nano.a(libc_a-errno.o)
 .ARM.attributes
                0x00000719       0x2d C:/ST/STM32CubeIDE_1.16.0/STM32CubeIDE/plugins/com.st.stm32cube.ide.mcu.externaltools.gnu-tools-for-stm32.12.3.rel1.win32_1.0.200.202406191623/tools/bin/../lib/gcc/arm-none-eabi/12.3.1/../../../../arm-none-eabi/lib/thumb/v7-m/nofp\libc_nano.a(libc_a-init.o)
 .ARM.attributes
                0x00000746       0x2d C:/ST/STM32CubeIDE_1.16.0/STM32CubeIDE/plugins/com.st.stm32cube.ide.mcu.externaltools.gnu-tools-for-stm32.12.3.rel1.win32_1.0.200.202406191623/tools/bin/../lib/gcc/arm-none-eabi/12.3.1/../../../../arm-none-eabi/lib/thumb/v7-m/nofp\libc_nano.a(libc_a-lock.o)
 .ARM.attributes
                0x00000773       0x17 C:/ST/STM32CubeIDE_1.16.0/STM32CubeIDE/plugins/com.st.stm32cube.ide.mcu.externaltools.gnu-tools-for-stm32.12.3.rel1.win32_1.0.200.202406191623/tools/bin/../lib/gcc/arm-none-eabi/12.3.1/../../../../arm-none-eabi/lib/thumb/v7-m/nofp\libc_nano.a(libc_a-strlen.o)
 .ARM.attributes
                0x0000078a       0x2d C:/ST/STM32CubeIDE_1.16.0/STM32CubeIDE/plugins/com.st.stm32cube.ide.mcu.externaltools.gnu-tools-for-stm32.12.3.rel1.win32_1.0.200.202406191623/tools/bin/../lib/gcc/arm-none-eabi/12.3.1/../../../../arm-none-eabi/lib/thumb/v7-m/nofp\libc_nano.a(libc_a-freer.o)
 .ARM.attributes
                0x000007b7       0x2d C:/ST/STM32CubeIDE_1.16.0/STM32CubeIDE/plugins/com.st.stm32cube.ide.mcu.externaltools.gnu-tools-for-stm32.12.3.rel1.win32_1.0.200.202406191623/tools/bin/../lib/gcc/arm-none-eabi/12.3.1/../../../../arm-none-eabi/lib/thumb/v7-m/nofp\libc_nano.a(libc_a-mallocr.o)
 .ARM.attributes
                0x000007e4       0x2d C:/ST/STM32CubeIDE_1.16.0/STM32CubeIDE/plugins/com.st.stm32cube.ide.mcu.externaltools.gnu-tools-for-stm32.12.3.rel1.win32_1.0.200.202406191623/tools/bin/../lib/gcc/arm-none-eabi/12.3.1/../../../../arm-none-eabi/lib/thumb/v7-m/nofp\libc_nano.a(libc_a-mlock.o)
 .ARM.attributes
                0x00000811       0x2d C:/ST/STM32CubeIDE_1.16.0/STM32CubeIDE/plugins/com.st.stm32cube.ide.mcu.externaltools.gnu-tools-for-stm32.12.3.rel1.win32_1.0.200.202406191623/tools/bin/../lib/gcc/arm-none-eabi/12.3.1/../../../../arm-none-eabi/lib/thumb/v7-m/nofp\libc_nano.a(libc_a-nano-svfprintf.o)
 .ARM.attributes
                0x0000083e       0x2d C:/ST/STM32CubeIDE_1.16.0/STM32CubeIDE/plugins/com.st.stm32cube.ide.mcu.externaltools.gnu-tools-for-stm32.12.3.rel1.win32_1.0.200.202406191623/tools/bin/../lib/gcc/arm-none-eabi/12.3.1/../../../../arm-none-eabi/lib/thumb/v7-m/nofp\libc_nano.a(libc_a-nano-vfprintf_i.o)
 .ARM.attributes
                0x0000086b       0x2d C:/ST/STM32CubeIDE_1.16.0/STM32CubeIDE/plugins/com.st.stm32cube.ide.mcu.externaltools.gnu-tools-for-stm32.12.3.rel1.win32_1.0.200.202406191623/tools/bin/../lib/gcc/arm-none-eabi/12.3.1/../../../../arm-none-eabi/lib/thumb/v7-m/nofp\libc_nano.a(libc_a-memmove.o)
 .ARM.attributes
                0x00000898       0x2d C:/ST/STM32CubeIDE_1.16.0/STM32CubeIDE/plugins/com.st.stm32cube.ide.mcu.externaltools.gnu-tools-for-stm32.12.3.rel1.win32_1.0.200.202406191623/tools/bin/../lib/gcc/arm-none-eabi/12.3.1/../../../../arm-none-eabi/lib/thumb/v7-m/nofp\libc_nano.a(libc_a-sbrkr.o)
 .ARM.attributes
                0x000008c5       0x2d C:/ST/STM32CubeIDE_1.16.0/STM32CubeIDE/plugins/com.st.stm32cube.ide.mcu.externaltools.gnu-tools-for-stm32.12.3.rel1.win32_1.0.200.202406191623/tools/bin/../lib/gcc/arm-none-eabi/12.3.1/../../../../arm-none-eabi/lib/thumb/v7-m/nofp\libc_nano.a(libc_a-memchr-stub.o)
 .ARM.attributes
                0x000008f2       0x2d C:/ST/STM32CubeIDE_1.16.0/STM32CubeIDE/plugins/com.st.stm32cube.ide.mcu.externaltools.gnu-tools-for-stm32.12.3.rel1.win32_1.0.200.202406191623/tools/bin/../lib/gcc/arm-none-eabi/12.3.1/../../../../arm-none-eabi/lib/thumb/v7-m/nofp\libc_nano.a(libc_a-memcpy-stub.o)
 .ARM.attributes
                0x0000091f       0x2d C:/ST/STM32CubeIDE_1.16.0/STM32CubeIDE/plugins/com.st.stm32cube.ide.mcu.externaltools.gnu-tools-for-stm32.12.3.rel1.win32_1.0.200.202406191623/tools/bin/../lib/gcc/arm-none-eabi/12.3.1/../../../../arm-none-eabi/lib/thumb/v7-m/nofp\libc_nano.a(libc_a-reallocr.o)
 .ARM.attributes
                0x0000094c       0x2d C:/ST/STM32CubeIDE_1.16.0/STM32CubeIDE/plugins/com.st.stm32cube.ide.mcu.externaltools.gnu-tools-for-stm32.12.3.rel1.win32_1.0.200.202406191623/tools/bin/../lib/gcc/arm-none-eabi/12.3.1/../../../../arm-none-eabi/lib/thumb/v7-m/nofp\libc_nano.a(libc_a-msizer.o)
 .ARM.attributes
                0x00000979       0x1d C:/ST/STM32CubeIDE_1.16.0/STM32CubeIDE/plugins/com.st.stm32cube.ide.mcu.externaltools.gnu-tools-for-stm32.12.3.rel1.win32_1.0.200.202406191623/tools/bin/../lib/gcc/arm-none-eabi/12.3.1/thumb/v7-m/nofp\libgcc.a(_arm_muldf3.o)
 .ARM.attributes
                0x00000996       0x1d C:/ST/STM32CubeIDE_1.16.0/STM32CubeIDE/plugins/com.st.stm32cube.ide.mcu.externaltools.gnu-tools-for-stm32.12.3.rel1.win32_1.0.200.202406191623/tools/bin/../lib/gcc/arm-none-eabi/12.3.1/thumb/v7-m/nofp\libgcc.a(_arm_addsubdf3.o)
 .ARM.attributes
                0x000009b3       0x1d C:/ST/STM32CubeIDE_1.16.0/STM32CubeIDE/plugins/com.st.stm32cube.ide.mcu.externaltools.gnu-tools-for-stm32.12.3.rel1.win32_1.0.200.202406191623/tools/bin/../lib/gcc/arm-none-eabi/12.3.1/thumb/v7-m/nofp\libgcc.a(_arm_fixunsdfsi.o)
 .ARM.attributes
                0x000009d0       0x1d C:/ST/STM32CubeIDE_1.16.0/STM32CubeIDE/plugins/com.st.stm32cube.ide.mcu.externaltools.gnu-tools-for-stm32.12.3.rel1.win32_1.0.200.202406191623/tools/bin/../lib/gcc/arm-none-eabi/12.3.1/thumb/v7-m/nofp/crtn.o
OUTPUT(MICROSD_writeFIle.elf elf32-littlearm)
LOAD linker stubs
LOAD C:/ST/STM32CubeIDE_1.16.0/STM32CubeIDE/plugins/com.st.stm32cube.ide.mcu.externaltools.gnu-tools-for-stm32.12.3.rel1.win32_1.0.200.202406191623/tools/bin/../lib/gcc/arm-none-eabi/12.3.1/../../../../arm-none-eabi/lib/thumb/v7-m/nofp\libc.a
LOAD C:/ST/STM32CubeIDE_1.16.0/STM32CubeIDE/plugins/com.st.stm32cube.ide.mcu.externaltools.gnu-tools-for-stm32.12.3.rel1.win32_1.0.200.202406191623/tools/bin/../lib/gcc/arm-none-eabi/12.3.1/../../../../arm-none-eabi/lib/thumb/v7-m/nofp\libm.a
LOAD C:/ST/STM32CubeIDE_1.16.0/STM32CubeIDE/plugins/com.st.stm32cube.ide.mcu.externaltools.gnu-tools-for-stm32.12.3.rel1.win32_1.0.200.202406191623/tools/bin/../lib/gcc/arm-none-eabi/12.3.1/thumb/v7-m/nofp\libgcc.a

.debug_info     0x00000000    0x13c10
 .debug_info    0x00000000      0x184 ./Core/Src/gpio.o
 .debug_info    0x00000184      0x98d ./Core/Src/main.o
 .debug_info    0x00000b11      0x8f9 ./Core/Src/sdio.o
 .debug_info    0x0000140a      0x1f1 ./Core/Src/stm32f1xx_hal_msp.o
 .debug_info    0x000015fb      0x5fe ./Core/Src/stm32f1xx_it.o
 .debug_info    0x00001bf9      0x168 ./Core/Src/sysmem.o
 .debug_info    0x00001d61      0x222 ./Core/Src/system_stm32f1xx.o
 .debug_info    0x00001f83       0x30 ./Core/Startup/startup_stm32f103rctx.o
 .debug_info    0x00001fb3      0x76a ./Drivers/STM32F1xx_HAL_Driver/Src/stm32f1xx_hal.o
 .debug_info    0x0000271d      0xaed ./Drivers/STM32F1xx_HAL_Driver/Src/stm32f1xx_hal_cortex.o
 .debug_info    0x0000320a      0x5ab ./Drivers/STM32F1xx_HAL_Driver/Src/stm32f1xx_hal_gpio.o
 .debug_info    0x000037b5     0x16cf ./Drivers/STM32F1xx_HAL_Driver/Src/stm32f1xx_hal_pcd.o
 .debug_info    0x00004e84      0x6b6 ./Drivers/STM32F1xx_HAL_Driver/Src/stm32f1xx_hal_pcd_ex.o
 .debug_info    0x0000553a      0x7d5 ./Drivers/STM32F1xx_HAL_Driver/Src/stm32f1xx_hal_rcc.o
 .debug_info    0x00005d0f      0x3e9 ./Drivers/STM32F1xx_HAL_Driver/Src/stm32f1xx_hal_rcc_ex.o
 .debug_info    0x000060f8     0x1ba8 ./Drivers/STM32F1xx_HAL_Driver/Src/stm32f1xx_hal_sd.o
 .debug_info    0x00007ca0     0x10c4 ./Drivers/STM32F1xx_HAL_Driver/Src/stm32f1xx_ll_sdmmc.o
 .debug_info    0x00008d64     0x17a2 ./Drivers/STM32F1xx_HAL_Driver/Src/stm32f1xx_ll_usb.o
 .debug_info    0x0000a506      0x4dd ./FATFS/App/fatfs.o
 .debug_info    0x0000a9e3      0xa70 ./FATFS/Target/bsp_driver_sd.o
 .debug_info    0x0000b453     0x1036 ./Middlewares/ST/STM32_USB_Device_Library/Class/CDC/Src/usbd_cdc.o
 .debug_info    0x0000c489      0xa52 ./Middlewares/ST/STM32_USB_Device_Library/Core/Src/usbd_core.o
 .debug_info    0x0000cedb      0x91c ./Middlewares/ST/STM32_USB_Device_Library/Core/Src/usbd_ctlreq.o
 .debug_info    0x0000d7f7      0x6a0 ./Middlewares/ST/STM32_USB_Device_Library/Core/Src/usbd_ioreq.o
 .debug_info    0x0000de97      0x3da ./Middlewares/Third_Party/FatFs/src/diskio.o
 .debug_info    0x0000e271     0x24dd ./Middlewares/Third_Party/FatFs/src/ff.o
 .debug_info    0x0001074e      0x37a ./Middlewares/Third_Party/FatFs/src/ff_gen_drv.o
 .debug_info    0x00010ac8      0x4a5 ./Middlewares/Third_Party/FatFs/src/drivers/sd_diskio.o
 .debug_info    0x00010f6d      0x173 ./Middlewares/Third_Party/FatFs/src/option/ccsbcs.o
 .debug_info    0x000110e0      0x63d ./USB_DEVICE/App/usb_device.o
 .debug_info    0x0001171d      0x7ec ./USB_DEVICE/App/usbd_cdc_if.o
 .debug_info    0x00011f09      0x44a ./USB_DEVICE/App/usbd_desc.o